Archive member included to satisfy reference by file (symbol)

C:/devkitPro/libgba/lib\libmm.a(mm_mas.o)
                              bn_hw_audio.o (mmStart)
C:/devkitPro/libgba/lib\libmm.a(mm_main.o)
                              C:/devkitPro/libgba/lib\libmm.a(mm_mas.o) (mmCallback)
C:/devkitPro/libgba/lib\libmm.a(mm_effect.o)
                              C:/devkitPro/libgba/lib\libmm.a(mm_main.o) (mmResetEffects)
C:/devkitPro/libgba/lib\libmm.a(mm_mas_arm.o)
                              C:/devkitPro/libgba/lib\libmm.a(mm_mas.o) (mmAllocChannel)
C:/devkitPro/libgba/lib\libmm.a(mm_mixer_gba.o)
                              bn_hw_audio.o (mmVBlank)
c:/devkitpro/devkitarm/bin/../lib/gcc/arm-none-eabi/11.1.0/thumb\libgcc.a(_call_via_rX.o)
                              C:/devkitPro/libgba/lib\libmm.a(mm_main.o) (_call_via_r1)
c:/devkitpro/devkitarm/bin/../lib/gcc/arm-none-eabi/11.1.0/thumb\libgcc.a(_aeabi_ldivmod.o)
                              bn_hw_text.o (__aeabi_ldivmod)
c:/devkitpro/devkitarm/bin/../lib/gcc/arm-none-eabi/11.1.0/thumb\libgcc.a(_aeabi_uldivmod.o)
                              bn_hw_text.o (__aeabi_uldivmod)
c:/devkitpro/devkitarm/bin/../lib/gcc/arm-none-eabi/11.1.0/thumb\libgcc.a(_udivmoddi4.o)
                              c:/devkitpro/devkitarm/bin/../lib/gcc/arm-none-eabi/11.1.0/thumb\libgcc.a(_aeabi_ldivmod.o) (__udivmoddi4)
c:/devkitpro/devkitarm/bin/../lib/gcc/arm-none-eabi/11.1.0/../../../../arm-none-eabi/lib/thumb\libg.a(lib_a-init.o)
                              c:/devkitpro/devkitarm/bin/../lib/gcc/arm-none-eabi/11.1.0/../../../../arm-none-eabi/lib/thumb/gba_crt0.o (__libc_init_array)
c:/devkitpro/devkitarm/bin/../lib/gcc/arm-none-eabi/11.1.0/../../../../arm-none-eabi/lib/thumb\libg.a(lib_a-memcpy-stub.o)
                              too_enemy.o (memcpy)
c:/devkitpro/devkitarm/bin/../lib/gcc/arm-none-eabi/11.1.0/../../../../arm-none-eabi/lib/thumb\libg.a(lib_a-memmove.o)
                              bn_display_manager.o (memmove)
c:/devkitpro/devkitarm/bin/../lib/gcc/arm-none-eabi/11.1.0/../../../../arm-none-eabi/lib/thumb\libg.a(lib_a-memset.o)
                              too_scene_credits.o (memset)
c:/devkitpro/devkitarm/bin/../lib/gcc/arm-none-eabi/11.1.0/../../../../arm-none-eabi/lib/thumb\libsysbase.a(malloc_vars.o)
                              c:/devkitpro/devkitarm/bin/../lib/gcc/arm-none-eabi/11.1.0/../../../../arm-none-eabi/lib/thumb/gba_crt0.o (fake_heap_end)

Discarded input sections

 .text          0x0000000000000000        0x0 c:/devkitpro/devkitarm/bin/../lib/gcc/arm-none-eabi/11.1.0/../../../../arm-none-eabi/lib/thumb/gba_crt0.o
 .data          0x0000000000000000        0x0 c:/devkitpro/devkitarm/bin/../lib/gcc/arm-none-eabi/11.1.0/../../../../arm-none-eabi/lib/thumb/gba_crt0.o
 .bss           0x0000000000000000        0x0 c:/devkitpro/devkitarm/bin/../lib/gcc/arm-none-eabi/11.1.0/../../../../arm-none-eabi/lib/thumb/gba_crt0.o
 .text          0x0000000000000000        0x0 c:/devkitpro/devkitarm/bin/../lib/gcc/arm-none-eabi/11.1.0/thumb/crti.o
 .data          0x0000000000000000        0x0 c:/devkitpro/devkitarm/bin/../lib/gcc/arm-none-eabi/11.1.0/thumb/crti.o
 .bss           0x0000000000000000        0x0 c:/devkitpro/devkitarm/bin/../lib/gcc/arm-none-eabi/11.1.0/thumb/crti.o
 .text          0x0000000000000000        0x0 c:/devkitpro/devkitarm/bin/../lib/gcc/arm-none-eabi/11.1.0/thumb/crtbegin.o
 .data          0x0000000000000000        0x0 c:/devkitpro/devkitarm/bin/../lib/gcc/arm-none-eabi/11.1.0/thumb/crtbegin.o
 .bss           0x0000000000000000        0x0 c:/devkitpro/devkitarm/bin/../lib/gcc/arm-none-eabi/11.1.0/thumb/crtbegin.o
 .rodata.all_implied_fbits
                0x0000000000000000       0x24 c:/devkitpro/devkitarm/bin/../lib/gcc/arm-none-eabi/11.1.0/thumb/crtbegin.o
 .data.__dso_handle
                0x0000000000000000        0x4 c:/devkitpro/devkitarm/bin/../lib/gcc/arm-none-eabi/11.1.0/thumb/crtbegin.o
 .text          0x0000000000000000        0x0 _bn_audio_soundbank.bin.o
 .data          0x0000000000000000        0x0 _bn_audio_soundbank.bin.o
 .bss           0x0000000000000000        0x0 _bn_audio_soundbank.bin.o
 .text          0x0000000000000000        0x0 background_bn_graphics.o
 .data          0x0000000000000000        0x0 background_bn_graphics.o
 .bss           0x0000000000000000        0x0 background_bn_graphics.o
 .text          0x0000000000000000        0x0 bat_sprite_bn_graphics.o
 .data          0x0000000000000000        0x0 bat_sprite_bn_graphics.o
 .bss           0x0000000000000000        0x0 bat_sprite_bn_graphics.o
 .text          0x0000000000000000        0x0 box_bn_graphics.o
 .data          0x0000000000000000        0x0 box_bn_graphics.o
 .bss           0x0000000000000000        0x0 box_bn_graphics.o
 .rodata        0x0000000000000000      0x820 box_bn_graphics.o
 .text          0x0000000000000000        0x0 button_status_bn_graphics.o
 .data          0x0000000000000000        0x0 button_status_bn_graphics.o
[...]
Memory Configuration

Name             Origin             Length             Attributes
rom              0x0000000008000000 0x0000000002000000
iwram            0x0000000003000000 0x0000000000008000
ewram            0x0000000002000000 0x0000000000040000
*default*        0x0000000000000000 0xffffffffffffffff

Linker script and memory map

                0x0000000008000000                __text_start = ORIGIN (rom)
                0x0000000002040000                __eheap_end = (ORIGIN (ewram) + LENGTH (ewram))
                0x0000000003000000                __iwram_start = ORIGIN (iwram)
                0x0000000003008000                __iwram_top = (ORIGIN (iwram) + LENGTH (iwram))
                0x0000000003007fa0                __sp_irq = (__iwram_top - 0x60)
                0x0000000003007f00                __sp_usr = (__sp_irq - 0xa0)
                0x0000000003007ff8                __irq_flags = 0x3007ff8
                0x0000000008000000                . = __text_start

.crt0           0x0000000008000000      0x210
 *(.crt0)
 .crt0          0x0000000008000000      0x210 c:/devkitpro/devkitarm/bin/../lib/gcc/arm-none-eabi/11.1.0/../../../../arm-none-eabi/lib/thumb/gba_crt0.o
                0x0000000008000000                _start
                0x00000000080000c4                __boot_method
                0x00000000080000c5                __slave_number
                0x00000000080000e0                start_vector
                0x0000000008000210                . = ALIGN (0x4)

.init           0x0000000008000210        0xc
 *(SORT_NONE(.init))
 .init          0x0000000008000210        0x4 c:/devkitpro/devkitarm/bin/../lib/gcc/arm-none-eabi/11.1.0/thumb/crti.o
                0x0000000008000210                _init
 .init          0x0000000008000214        0x8 c:/devkitpro/devkitarm/bin/../lib/gcc/arm-none-eabi/11.1.0/thumb/crtn.o

.plt            0x000000000800021c        0x0
 *(.plt)
                0x000000000800021c                . = ALIGN (0x4)

.text           0x0000000008000220    0x23358
 *(EXCLUDE_FILE(*.iwram*) .text*)
 .text.__do_global_dtors_aux
                0x0000000008000220       0x2c c:/devkitpro/devkitarm/bin/../lib/gcc/arm-none-eabi/11.1.0/thumb/crtbegin.o
 .text.frame_dummy
                0x000000000800024c       0x24 c:/devkitpro/devkitarm/bin/../lib/gcc/arm-none-eabi/11.1.0/thumb/crtbegin.o
 .text._ZN3_bn6assert9show_argsIJA16_ciEEEvPKcS4_S4_iDpRKT_
                0x0000000008000270       0x58 helper_tilemap.o
                0x0000000008000270                void _bn::assert::show_args<char [16], int>(char const*, char const*, char const*, int, char const (&) [16], int const&)
 .text._ZN3_bn6assert9show_argsIJA45_cEEEvPKcS4_S4_iDpRKT_
                0x00000000080002c8       0x50 helper_tilemap.o
                0x00000000080002c8                void _bn::assert::show_args<char [45]>(char const*, char const*, char const*, int, char const (&) [45])
 .text._ZN3_bn6assert9show_argsIJA22_cEEEvPKcS4_S4_iDpRKT_
                0x0000000008000318       0x50 helper_tilemap.o
                0x0000000008000318                void _bn::assert::show_args<char [22]>(char const*, char const*, char const*, int, char const (&) [22])
 .text._ZN3_bn6assert9show_argsIJA15_cEEEvPKcS4_S4_iDpRKT_
                0x0000000008000368       0x50 helper_tilemap.o
                0x0000000008000368                void _bn::assert::show_args<char [15]>(char const*, char const*, char const*, int, char const (&) [15])
 .text._ZN3_bn6assert9show_argsIJA16_ciA4_ciEEEvPKcS5_S5_iDpRKT_
                0x00000000080003b8       0x6c helper_tilemap.o
                0x00000000080003b8                void _bn::assert::show_args<char [16], int, char [4], int>(char const*, char const*, char const*, int, char const (&) [16], int const&, char const (&) [4], int const&)
 .text._ZN3_bn6assert9show_argsIJA16_cN2bn7fixed_tILi12EEEEEEvPKcS7_S7_iDpRKT_
                0x0000000008000424      0x11c helper_tilemap.o
                0x0000000008000424                void _bn::assert::show_args<char [16], bn::fixed_t<12> >(char const*, char const*, char const*, int, char const (&) [16], bn::fixed_t<12> const&)
 .text.startup.main
                0x0000000008000540       0xe4 main.o
                0x0000000008000540                main
 .text._ZN3too19check_collisions_bbENS_6HitboxEN2bn7fixed_tILi12EEES3_S3_S3_
                0x0000000008000624       0xac too_enemy.o
                0x0000000008000624                too::check_collisions_bb(too::Hitbox, bn::fixed_t<12>, bn::fixed_t<12>, bn::fixed_t<12>, bn::fixed_t<12>)
 .text._ZN3too5Enemy6is_hitENS_6HitboxE
                0x00000000080006d0       0x40 too_enemy.o
                0x00000000080006d0                too::Enemy::is_hit(too::Hitbox)
 .text._ZN3too5Enemy3posEv
                0x0000000008000710       0x10 too_enemy.o
                0x0000000008000710                too::Enemy::pos()
 .text._ZN3too14_contains_cellEiN2bn6vectorIiLi32EEE
                0x0000000008000720       0x28 too_enemy.o
                0x0000000008000720                too::_contains_cell(int, bn::vector<int, 32>)
 .text._ZN3too5Enemy11set_visibleEb
                0x0000000008000748       0x38 too_enemy.o
                0x0000000008000748                too::Enemy::set_visible(bool)
 .text._ZN3too13_get_map_cellEN2bn7fixed_tILi12EEES2_NS0_8optionalINS0_13affine_bg_ptrEEENS0_4spanIKhEE
                0x0000000008000780       0xcc too_enemy.o
                0x0000000008000780                too::_get_map_cell(bn::fixed_t<12>, bn::fixed_t<12>, bn::optional<bn::affine_bg_ptr>, bn::span<unsigned char const>)
 .text._ZN3too21_check_collisions_mapEN2bn11fixed_pointENS_6HitboxENS_10directionsENS0_8optionalINS0_13affine_bg_ptrEEENS_5LevelENS0_4spanIKhEE
                0x000000000800084c      0x2e8 too_enemy.o
                0x000000000800084c                too::_check_collisions_map(bn::fixed_point, too::Hitbox, too::directions, bn::optional<bn::affine_bg_ptr>, too::Level, bn::span<unsigned char const>)
 .text._ZN3too5Enemy14_will_hit_wallEv
                0x0000000008000b34      0x3f4 too_enemy.o
                0x0000000008000b34                too::Enemy::_will_hit_wall()
 .text._ZN3too5Enemy10_will_fallEv
                0x0000000008000f28      0x1cc too_enemy.o
                0x0000000008000f28                too::Enemy::_will_fall()
 .text._ZN3too5Enemy6updateEv
                0x00000000080010f4      0x684 too_enemy.o
                0x00000000080010f4                too::Enemy::update()
 .text._ZN3_bn6assert9show_argsIJA27_ciEEEvPKcS4_S4_iDpRKT_
                0x0000000008001778       0x58 too_enemy.o
                0x0000000008001778                void _bn::assert::show_args<char [27], int>(char const*, char const*, char const*, int, char const (&) [27], int const&)
 .text._ZN3too5Enemy12_take_damageEi
                0x00000000080017d0      0x26c too_enemy.o
                0x00000000080017d0                too::Enemy::_take_damage(int)
 .text._ZN3too5Enemy16damage_from_leftEi
                0x0000000008001a3c       0x30 too_enemy.o
                0x0000000008001a3c                too::Enemy::damage_from_left(int)
 .text._ZN3too5Enemy17damage_from_rightEi
                0x0000000008001a6c       0x2c too_enemy.o
                0x0000000008001a6c                too::Enemy::damage_from_right(int)
 .text._ZN3too5EnemyC2EiiRN2bn8optionalINS1_10camera_ptrEEENS2_INS1_13affine_bg_ptrEEENS_10ENEMY_TYPEEi
                0x0000000008001a98      0x358 too_enemy.o
                0x0000000008001a98                too::Enemy::Enemy(int, int, bn::optional<bn::camera_ptr>&, bn::optional<bn::affine_bg_ptr>, too::ENEMY_TYPE, int)
                0x0000000008001a98                too::Enemy::Enemy(int, int, bn::optional<bn::camera_ptr>&, bn::optional<bn::affine_bg_ptr>, too::ENEMY_TYPE, int)
 .text._ZN3too9Healthbar2hpEv
                0x0000000008001df0        0x8 too_healthbar.o
                0x0000000008001df0                too::Healthbar::hp()
 .text._ZN3_bn6assert9show_argsIJA39_cEEEvPKcS4_S4_iDpRKT_
                0x0000000008001df8       0x50 too_healthbar.o
                0x0000000008001df8                void _bn::assert::show_args<char [39]>(char const*, char const*, char const*, int, char const (&) [39])
 .text._ZN3_bn6formatIiEEvRN2bn13ostringstreamEPKcS5_RKT_
                0x0000000008001e48       0xdc too_healthbar.o
                0x0000000008001e48                void _bn::format<int>(bn::ostringstream&, char const*, char const*, int const&)
 .text._ZN3too9HealthbarC2ERN2bn21sprite_text_generatorE
                0x0000000008001f24      0x190 too_healthbar.o
                0x0000000008001f24                too::Healthbar::Healthbar(bn::sprite_text_generator&)
                0x0000000008001f24                too::Healthbar::Healthbar(bn::sprite_text_generator&)
 .text._ZN3too9Healthbar6set_hpEiRN2bn21sprite_text_generatorE
                0x00000000080020b4       0xdc too_healthbar.o
                0x00000000080020b4                too::Healthbar::set_hp(int, bn::sprite_text_generator&)
 .text._ZN3too6HitboxC2EN2bn7fixed_tILi12EEES3_S3_S3_
                0x0000000008002190        0xc too_hitbox.o
                0x0000000008002190                too::Hitbox::Hitbox(bn::fixed_t<12>, bn::fixed_t<12>, bn::fixed_t<12>, bn::fixed_t<12>)
                0x0000000008002190                too::Hitbox::Hitbox(bn::fixed_t<12>, bn::fixed_t<12>, bn::fixed_t<12>, bn::fixed_t<12>)
 .text._ZN3too6Hitbox1xEv
                0x000000000800219c        0x4 too_hitbox.o
                0x000000000800219c                too::Hitbox::x()
 .text._ZN3too6Hitbox1yEv
                0x00000000080021a0        0x4 too_hitbox.o
                0x00000000080021a0                too::Hitbox::y()
 .text._ZN3too6Hitbox5widthEv
                0x00000000080021a4        0x4 too_hitbox.o
                0x00000000080021a4                too::Hitbox::width()
 .text._ZN3too6Hitbox6heightEv
                0x00000000080021a8        0x4 too_hitbox.o
                0x00000000080021a8                too::Hitbox::height()
 .text._ZN3too6Hitbox5set_xEN2bn7fixed_tILi12EEE
                0x00000000080021ac        0x4 too_hitbox.o
                0x00000000080021ac                too::Hitbox::set_x(bn::fixed_t<12>)
 .text._ZN3too5Level11floor_tilesEv
                0x00000000080021b0       0x30 too_level.o
                0x00000000080021b0                too::Level::floor_tiles()
 .text._ZN3too5Level10wall_tilesEv
                0x00000000080021e0       0x34 too_level.o
                0x00000000080021e0                too::Level::wall_tiles()
 .text._ZN3too5Level10ceil_tilesEv
                0x0000000008002214       0x34 too_level.o
                0x0000000008002214                too::Level::ceil_tiles()
 .text._ZN3too5LevelC2EN2bn8optionalINS1_13affine_bg_ptrEEE
                0x0000000008002248      0x1e4 too_level.o
                0x0000000008002248                too::Level::Level(bn::optional<bn::affine_bg_ptr>)
                0x0000000008002248                too::Level::Level(bn::optional<bn::affine_bg_ptr>)
 .text._ZN3too3NPC13check_triggerEN2bn11fixed_pointE
                0x000000000800242c       0x5c too_npc.o
                0x000000000800242c                too::NPC::check_trigger(bn::fixed_point)
 .text._ZN3too3NPC4talkEv
                0x0000000008002488        0x8 too_npc.o
                0x0000000008002488                too::NPC::talk()
 .text._ZN3too3NPC10is_talkingEv
                0x0000000008002490        0x8 too_npc.o
                0x0000000008002490                too::NPC::is_talking()
 .text._ZN3_bn6assert9show_argsIJA26_ciEEEvPKcS4_S4_iDpRKT_
                0x0000000008002498       0x58 too_npc.o
                0x0000000008002498                void _bn::assert::show_args<char [26], int>(char const*, char const*, char const*, int, char const (&) [26], int const&)
 .text._ZN3too3NPC6updateEv
                0x00000000080024f0      0x318 too_npc.o
                0x00000000080024f0                too::NPC::update()
 .text._ZN3too3NPCC2EN2bn11fixed_pointERNS1_8optionalINS1_10camera_ptrEEENS_8NPC_TYPEERNS1_21sprite_text_generatorE
                0x0000000008002808      0x248 too_npc.o
                0x0000000008002808                too::NPC::NPC(bn::fixed_point, bn::optional<bn::camera_ptr>&, too::NPC_TYPE, bn::sprite_text_generator&)
                0x0000000008002808                too::NPC::NPC(bn::fixed_point, bn::optional<bn::camera_ptr>&, too::NPC_TYPE, bn::sprite_text_generator&)
 .text._ZN3too6Player3posEv
                0x0000000008002a50       0x10 too_player.o
                0x0000000008002a50                too::Player::pos()
 .text._ZN3too6Player13set_listeningEb
                0x0000000008002a60       0x20 too_player.o
                0x0000000008002a60                too::Player::set_listening(bool)
 .text._ZN3too6Player15set_can_wallrunEb
                0x0000000008002a80        0x8 too_player.o
                0x0000000008002a80                too::Player::set_can_wallrun(bool)
 .text._ZN3too6Player4jumpEv
                0x0000000008002a88       0x5c too_player.o
                0x0000000008002a88                too::Player::jump()
 .text._ZN3too12get_map_cellEN2bn7fixed_tILi12EEES2_RNS0_13affine_bg_ptrENS0_4spanIKhEE
                0x0000000008002ae4       0xa4 too_player.o
                0x0000000008002ae4                too::get_map_cell(bn::fixed_t<12>, bn::fixed_t<12>, bn::affine_bg_ptr&, bn::span<unsigned char const>)
 .text._ZN3too13contains_cellEiN2bn6vectorIiLi32EEE
                0x0000000008002b88       0x28 too_player.o
                0x0000000008002b88                too::contains_cell(int, bn::vector<int, 32>)
 .text._ZN3_bn6assert9show_argsIJA16_cEEEvPKcS4_S4_iDpRKT_
                0x0000000008002bb0       0x50 too_player.o
                0x0000000008002bb0                void _bn::assert::show_args<char [16]>(char const*, char const*, char const*, int, char const (&) [16])
 .text._ZN2bn8optionalINS_13affine_bg_ptrEE5valueEv.part.0
                0x0000000008002c00       0x28 too_player.o
 .text._ZN3too6Player20collide_with_enemiesERN2bn21sprite_text_generatorE
                0x0000000008002c28      0x104 too_player.o
                0x0000000008002c28                too::Player::collide_with_enemies(bn::sprite_text_generator&)
 .text._ZN3too20check_collisions_mapEN2bn11fixed_pointENS_10directionsENS_6HitboxERNS0_8optionalINS0_13affine_bg_ptrEEENS_5LevelENS0_4spanIKhEE
                0x0000000008002d2c      0x234 too_player.o
                0x0000000008002d2c                too::check_collisions_map(bn::fixed_point, too::directions, too::Hitbox, bn::optional<bn::affine_bg_ptr>&, too::Level, bn::span<unsigned char const>)
 .text._ZN3too6Player20collide_with_objectsERN2bn8optionalINS1_13affine_bg_ptrEEENS_5LevelE
                0x0000000008002f60      0x350 too_player.o
                0x0000000008002f60                too::Player::collide_with_objects(bn::optional<bn::affine_bg_ptr>&, too::Level)
 .text._ZN3too6Player12check_attackEv.part.0
                0x00000000080032b0      0x10c too_player.o
 .text._ZN3too6Player14_update_cameraEi
                0x00000000080033bc      0x178 too_player.o
                0x00000000080033bc                too::Player::_update_camera(int)
 .text._ZN3too6Player5resetEv
                0x0000000008003534       0x90 too_player.o
                0x0000000008003534                too::Player::reset()
 .text._ZN3too6Player5spawnEN2bn11fixed_pointERNS1_8optionalINS1_10camera_ptrEEERNS3_INS1_13affine_bg_ptrEEERNS1_6vectorINS_5EnemyELi32EEE
                0x00000000080035c4      0x12c too_player.o
                0x00000000080035c4                too::Player::spawn(bn::fixed_point, bn::optional<bn::camera_ptr>&, bn::optional<bn::affine_bg_ptr>&, bn::vector<too::Enemy, 32>&)
 .text._ZN3too6Player15update_positionERN2bn8optionalINS1_13affine_bg_ptrEEENS_5LevelERNS1_21sprite_text_generatorE
                0x00000000080036f0      0x460 too_player.o
                0x00000000080036f0                too::Player::update_position(bn::optional<bn::affine_bg_ptr>&, too::Level, bn::sprite_text_generator&)
 .text._ZN3too6PlayerC2ERN2bn8optionalINS1_10sprite_ptrEEERNS1_21sprite_text_generatorE
                0x0000000008003b50      0x250 too_player.o
                0x0000000008003b50                too::Player::Player(bn::optional<bn::sprite_ptr>&, bn::sprite_text_generator&)
                0x0000000008003b50                too::Player::Player(bn::optional<bn::sprite_ptr>&, bn::sprite_text_generator&)
 .text._ZN3too6Player21apply_animation_stateEv
                0x0000000008003da0      0x800 too_player.o
                0x0000000008003da0                too::Player::apply_animation_state()
 .text._ZN3too7Credits7executeEiRN2bn21sprite_text_generatorE
                0x00000000080045a0      0x31c too_scene_credits.o
                0x00000000080045a0                too::Credits::execute(int, bn::sprite_text_generator&)
 .text._ZN3too9Cutscene17executeERN2bn21sprite_text_generatorE
                0x00000000080048bc      0x358 too_scene_cutscene1.o
                0x00000000080048bc                too::Cutscene1::execute(bn::sprite_text_generator&)
 .text._ZN2bn7ivectorIN3too5EnemyEE9push_backEOS2_
                0x0000000008004c14      0x1e0 too_scene_limbo1.o
                0x0000000008004c14                bn::ivector<too::Enemy>::push_back(too::Enemy&&)
 .text._ZN3too6Limbo17executeERNS_6PlayerEN2bn11fixed_pointE
                0x0000000008004df4      0xc58 too_scene_limbo1.o
                0x0000000008004df4                too::Limbo1::execute(too::Player&, bn::fixed_point)
 .text._ZN3too9StorySaveD2Ev
                0x0000000008005a4c       0x4c too_scene_limbo2.o
                0x0000000008005a4c                too::StorySave::~StorySave()
                0x0000000008005a4c                too::StorySave::~StorySave()
 .text._ZN3too6Limbo27executeERNS_6PlayerEN2bn11fixed_pointE
                0x0000000008005a98      0x744 too_scene_limbo2.o
                0x0000000008005a98                too::Limbo2::execute(too::Player&, bn::fixed_point)
 .text._ZN3too3NPCD2Ev
                0x00000000080061dc       0x6c too_scene_limbo3.o
                0x00000000080061dc                too::NPC::~NPC()
                0x00000000080061dc                too::NPC::~NPC()
 .text._ZN3too6Limbo37executeERNS_6PlayerEN2bn11fixed_pointE
                0x0000000008006248      0x654 too_scene_limbo3.o
                0x0000000008006248                too::Limbo3::execute(too::Player&, bn::fixed_point)
 .text._ZN3too7Loading7executeEv
                0x000000000800689c      0x1b4 too_scene_loading.o
                0x000000000800689c                too::Loading::execute()
 .text._ZN3too8MainGameC2ERN2bn21sprite_text_generatorENS_5SceneE
                0x0000000008006a50      0x23c too_scene_maingame.o
                0x0000000008006a50                too::MainGame::MainGame(bn::sprite_text_generator&, too::Scene)
                0x0000000008006a50                too::MainGame::MainGame(bn::sprite_text_generator&, too::Scene)
 .text._ZN3too8MainMenuC2EiRN2bn21sprite_text_generatorE
                0x0000000008006c8c      0x5a0 too_scene_mainmenu.o
                0x0000000008006c8c                too::MainMenu::MainMenu(int, bn::sprite_text_generator&)
                0x0000000008006c8c                too::MainMenu::MainMenu(int, bn::sprite_text_generator&)
 .text._ZN3too7Options7executeEiRN2bn21sprite_text_generatorE
                0x000000000800722c      0x31c too_scene_options.o
                0x000000000800722c                too::Options::execute(int, bn::sprite_text_generator&)
 .text._ZN3too7Summer17executeERNS_6PlayerEN2bn11fixed_pointE
                0x0000000008007548      0x724 too_scene_summer1.o
                0x0000000008007548                too::Summer1::execute(too::Player&, bn::fixed_point)
 .text._ZN3too7Summer27executeERNS_6PlayerEN2bn11fixed_pointE
                0x0000000008007c6c      0x3fc too_scene_summer2.o
                0x0000000008007c6c                too::Summer2::execute(too::Player&, bn::fixed_point)
 .text._ZN3too11TitleScreenC2ERN2bn21sprite_text_generatorE
                0x0000000008008068      0x774 too_scene_titlescreen.o
                0x0000000008008068                too::TitleScreen::TitleScreen(bn::sprite_text_generator&)
                0x0000000008008068                too::TitleScreen::TitleScreen(bn::sprite_text_generator&)
 .text._ZN3too5Town17executeERNS_6PlayerEN2bn11fixed_pointE
                0x00000000080087dc      0x54c too_scene_town1.o
                0x00000000080087dc                too::Town1::execute(too::Player&, bn::fixed_point)
 .text._ZN3_bn6formatIN2bn11string_viewEEEvRNS1_13ostringstreamEPKcS6_RKT_
                0x0000000008008d28       0xd8 too_spellbar.o
                0x0000000008008d28                void _bn::format<bn::string_view>(bn::ostringstream&, char const*, char const*, bn::string_view const&)
 .text._ZN3too8SpellbarC2ERN2bn21sprite_text_generatorE
                0x0000000008008e00      0x1f8 too_spellbar.o
                0x0000000008008e00                too::Spellbar::Spellbar(bn::sprite_text_generator&)
                0x0000000008008e00                too::Spellbar::Spellbar(bn::sprite_text_generator&)
 .text._ZN3too8Spellbar23set_current_spell_indexEiRN2bn21sprite_text_generatorE
                0x0000000008008ff8      0x16c too_spellbar.o
                0x0000000008008ff8                too::Spellbar::set_current_spell_index(int, bn::sprite_text_generator&)
 .text._ZN3too9StorySave6updateEv
                0x0000000008009164       0xd4 too_story_save.o
                0x0000000008009164                too::StorySave::update()
 .text._ZN3too9StorySaveC2EN2bn11fixed_pointENS_10STORY_TYPEERNS1_8optionalINS1_10camera_ptrEEERNS1_21sprite_text_generatorE
                0x0000000008009238      0x204 too_story_save.o
                0x0000000008009238                too::StorySave::StorySave(bn::fixed_point, too::STORY_TYPE, bn::optional<bn::camera_ptr>&, bn::sprite_text_generator&)
                0x0000000008009238                too::StorySave::StorySave(bn::fixed_point, too::STORY_TYPE, bn::optional<bn::camera_ptr>&, bn::sprite_text_generator&)
 .text._ZN6common4info15_update_spritesEv
                0x000000000800943c       0x98 common_info.o
                0x000000000800943c                common::info::_update_sprites()
 .text._ZN6common4info15set_show_alwaysEb
                0x00000000080094d4       0x28 common_info.o
                0x00000000080094d4                common::info::set_show_always(bool)
 .text._ZN6common4info6updateEv
                0x00000000080094fc       0x30 common_info.o
                0x00000000080094fc                common::info::update()
 .text._ZN6common4infoC2ERKN2bn11string_viewERKNS1_4spanIS3_EERNS1_21sprite_text_generatorE
                0x000000000800952c      0x160 common_info.o
                0x000000000800952c                common::info::info(bn::string_view const&, bn::span<bn::string_view const> const&, bn::sprite_text_generator&)
                0x000000000800952c                common::info::info(bn::string_view const&, bn::span<bn::string_view const> const&, bn::sprite_text_generator&)
 .text._ZN3_bn6assert9show_argsIJA15_ciEEEvPKcS4_S4_iDpRKT_
                0x000000000800968c       0x58 common_stats.o
                0x000000000800968c                void _bn::assert::show_args<char [15], int>(char const*, char const*, char const*, int, char const (&) [15], int const&)
 .text._ZN2bn13audio_manager4initEPFvvES2_
                0x00000000080096e4        0xc bn_audio_manager.o
                0x00000000080096e4                bn::audio_manager::init(void (*)(), void (*)())
 .text._ZN2bn13audio_manager7disableEv
                0x00000000080096f0        0xc bn_audio_manager.o
                0x00000000080096f0                bn::audio_manager::disable()
 .text._ZN2bn13audio_manager22disable_vblank_handlerEv
                0x00000000080096fc        0xc bn_audio_manager.o
                0x00000000080096fc                bn::audio_manager::disable_vblank_handler()
 .text._ZN3_bn6assert9show_argsIJA19_ciEEEvPKcS4_S4_iDpRKT_
                0x0000000008009708       0x58 bn_audio_manager.o
                0x0000000008009708                void _bn::assert::show_args<char [19], int>(char const*, char const*, char const*, int, char const (&) [19], int const&)
 .text._ZN2bn13audio_manager6commitEv
                0x0000000008009760       0xe0 bn_audio_manager.o
                0x0000000008009760                bn::audio_manager::commit()
 .text._ZN3_bn6assert9show_argsIJA33_cEEEvPKcS4_S4_iDpRKT_
                0x0000000008009840       0x50 bn_audio_manager.o
                0x0000000008009840                void _bn::assert::show_args<char [33]>(char const*, char const*, char const*, int, char const (&) [33])
 .text._ZN3_bn6assert9show_argsIJA25_cEEEvPKcS4_S4_iDpRKT_
                0x0000000008009890       0x50 bn_audio_manager.o
                0x0000000008009890                void _bn::assert::show_args<char [25]>(char const*, char const*, char const*, int, char const (&) [25])
 .text._ZN3_bn6assert9show_argsIJA21_cEEEvPKcS4_S4_iDpRKT_
                0x00000000080098e0       0x50 bn_audio_manager.o
                0x00000000080098e0                void _bn::assert::show_args<char [21]>(char const*, char const*, char const*, int, char const (&) [21])
 .text._ZN2bn13audio_manager15stop_all_soundsEv
                0x0000000008009930       0x54 bn_audio_manager.o
                0x0000000008009930                bn::audio_manager::stop_all_sounds()
 .text._ZN2bn13audio_manager10play_soundEiNS_10sound_itemE
                0x0000000008009984       0x58 bn_audio_manager.o
                0x0000000008009984                bn::audio_manager::play_sound(int, bn::sound_item)
 .text._ZNK2bn10sound_item4playEv
                0x00000000080099dc       0x10 bn_audio_manager.o
                0x00000000080099dc                bn::sound_item::play() const
 .text._ZN2bn13audio_manager10play_musicENS_10music_itemENS_7fixed_tILi12EEEb
                0x00000000080099ec       0x68 bn_audio_manager.o
                0x00000000080099ec                bn::audio_manager::play_music(bn::music_item, bn::fixed_t<12>, bool)
 .text._ZNK2bn10music_item4playEv
                0x0000000008009a54       0x14 bn_audio_manager.o
                0x0000000008009a54                bn::music_item::play() const
 .text._ZN2bn13audio_manager10stop_musicEv
                0x0000000008009a68       0x74 bn_audio_manager.o
                0x0000000008009a68                bn::audio_manager::stop_music()
 .text._ZN2bn13audio_manager4stopEv
                0x0000000008009adc       0x24 bn_audio_manager.o
                0x0000000008009adc                bn::audio_manager::stop()
 .text._ZN3_bn6assert9show_argsIJA27_cN2bn7fixed_tILi12EEEEEEvPKcS7_S7_iDpRKT_
                0x0000000008009b00      0x11c bn_audio_manager.o
                0x0000000008009b00                void _bn::assert::show_args<char [27], bn::fixed_t<12> >(char const*, char const*, char const*, int, char const (&) [27], bn::fixed_t<12> const&)
 .text._ZN3_bn6assert9show_argsIJA25_cN2bn7fixed_tILi12EEEEEEvPKcS7_S7_iDpRKT_
                0x0000000008009c1c      0x11c bn_audio_manager.o
                0x0000000008009c1c                void _bn::assert::show_args<char [25], bn::fixed_t<12> >(char const*, char const*, char const*, int, char const (&) [25], bn::fixed_t<12> const&)
 .text._ZNK2bn10music_item4playENS_7fixed_tILi12EEE
                0x0000000008009d38       0x48 bn_audio_manager.o
                0x0000000008009d38                bn::music_item::play(bn::fixed_t<12>) const
 .text.startup._GLOBAL__sub_I__ZN2bn5music7playingEv
                0x0000000008009d80       0x24 bn_audio_manager.o
 .text._ZN2bn17bg_blocks_manager12_GLOBAL__N_125_regular_map_blocks_countEii
                0x0000000008009da4       0x38 bn_bg_blocks_manager.o
 .text._ZN2bn13ostringstream11append_argsIiJA4_ctEEEvRKT_DpRKT0_.isra.0
                0x0000000008009ddc       0x24 bn_bg_blocks_manager.o
 .text._ZN2bn13ostringstream11append_argsIiJA4_ciEEEvRKT_DpRKT0_.isra.0
                0x0000000008009e00       0x24 bn_bg_blocks_manager.o
 .text._ZN2bn17bg_blocks_manager12_GLOBAL__N_124_affine_map_blocks_countEii
                0x0000000008009e24       0x40 bn_bg_blocks_manager.o
 .text._ZN2bn17bg_blocks_manager15decrease_usagesEi.part.0
                0x0000000008009e64       0xc0 bn_bg_blocks_manager.o
 .text._ZNK2bn18regular_bg_map_ptr2idEv
                0x0000000008009f24       0x18 bn_bg_blocks_manager.o
                0x0000000008009f24                bn::regular_bg_map_ptr::id() const
 .text._ZN2bn18regular_bg_map_ptr8_destroyEv
                0x0000000008009f3c       0x2c bn_bg_blocks_manager.o
                0x0000000008009f3c                bn::regular_bg_map_ptr::_destroy()
 .text._ZNK2bn20regular_bg_tiles_ptr3cbbEv
                0x0000000008009f68       0x18 bn_bg_blocks_manager.o
                0x0000000008009f68                bn::regular_bg_tiles_ptr::cbb() const
 .text._ZNK2bn17affine_bg_map_ptr2idEv
                0x0000000008009f80       0x18 bn_bg_blocks_manager.o
                0x0000000008009f80                bn::affine_bg_map_ptr::id() const
 .text._ZN2bn17affine_bg_map_ptr8_destroyEv
                0x0000000008009f98       0x2c bn_bg_blocks_manager.o
                0x0000000008009f98                bn::affine_bg_map_ptr::_destroy()
 .text._ZNK2bn19affine_bg_tiles_ptr3cbbEv
                0x0000000008009fc4       0x18 bn_bg_blocks_manager.o
                0x0000000008009fc4                bn::affine_bg_tiles_ptr::cbb() const
 .text._ZN2bn17bg_blocks_manager10log_statusEv
                0x0000000008009fdc      0x428 bn_bg_blocks_manager.o
                0x0000000008009fdc                bn::bg_blocks_manager::log_status()
 .text._ZN2bn17bg_blocks_manager11must_commitEi
                0x000000000800a404       0x18 bn_bg_blocks_manager.o
                0x000000000800a404                bn::bg_blocks_manager::must_commit(int)
 .text._ZN2bn2hw9bg_blocks6commitEPKtNS_16compression_typeEiPt.part.0
                0x000000000800a41c       0x2c bn_bg_blocks_manager.o
 .text._ZN3_bn6assert9show_argsIJA17_ciEEEvPKcS4_S4_iDpRKT_
                0x000000000800a448       0x58 bn_bg_blocks_manager.o
                0x000000000800a448                void _bn::assert::show_args<char [17], int>(char const*, char const*, char const*, int, char const (&) [17], int const&)
 .text._ZNK2bn18regular_bg_map_ptr10dimensionsEv
                0x000000000800a4a0       0x20 bn_bg_blocks_manager.o
                0x000000000800a4a0                bn::regular_bg_map_ptr::dimensions() const
 .text._ZNK2bn17affine_bg_map_ptr10dimensionsEv
                0x000000000800a4c0       0x20 bn_bg_blocks_manager.o
                0x000000000800a4c0                bn::affine_bg_map_ptr::dimensions() const
 .text._ZN3_bn6assert9show_argsIJA26_cEEEvPKcS4_S4_iDpRKT_
                0x000000000800a4e0       0x50 bn_bg_blocks_manager.o
                0x000000000800a4e0                void _bn::assert::show_args<char [26]>(char const*, char const*, char const*, int, char const (&) [26])
 .text._ZN3_bn6assert9show_argsIJA22_ciA4_ciEEEvPKcS5_S5_iDpRKT_
                0x000000000800a530       0x5c bn_bg_blocks_manager.o
                0x000000000800a530                void _bn::assert::show_args<char [22], int, char [4], int>(char const*, char const*, char const*, int, char const (&) [22], int const&, char const (&) [4], int const&)
 .text._ZNK2bn18regular_bg_map_ptr5tilesEv
                0x000000000800a58c       0x48 bn_bg_blocks_manager.o
                0x000000000800a58c                bn::regular_bg_map_ptr::tiles() const
 .text._ZNK2bn17affine_bg_map_ptr5tilesEv
                0x000000000800a5d4       0x48 bn_bg_blocks_manager.o
                0x000000000800a5d4                bn::affine_bg_map_ptr::tiles() const
 .text._ZNK2bn18regular_bg_map_ptr3bppEv
                0x000000000800a61c       0x4c bn_bg_blocks_manager.o
                0x000000000800a61c                bn::regular_bg_map_ptr::bpp() const
 .text._ZN2bn17bg_blocks_manager12_GLOBAL__N_112_commit_itemERKNS1_9item_typeE
                0x000000000800a668      0x2d4 bn_bg_blocks_manager.o
 .text._ZN2bn17bg_blocks_manager6commitEv
                0x000000000800a93c       0x60 bn_bg_blocks_manager.o
                0x000000000800a93c                bn::bg_blocks_manager::commit()
 .text._ZN2bn17bg_blocks_manager21update_affine_map_rowEiii
                0x000000000800a99c       0xec bn_bg_blocks_manager.o
                0x000000000800a99c                bn::bg_blocks_manager::update_affine_map_row(int, int, int)
 .text._ZN2bn17bg_blocks_manager23set_affine_map_positionEiii
                0x000000000800aa88      0x174 bn_bg_blocks_manager.o
                0x000000000800aa88                bn::bg_blocks_manager::set_affine_map_position(int, int, int)
 .text._ZN2bn17bg_blocks_manager21update_affine_map_colEiii
                0x000000000800abfc      0x238 bn_bg_blocks_manager.o
                0x000000000800abfc                bn::bg_blocks_manager::update_affine_map_col(int, int, int)
 .text._ZN2bn17bg_blocks_manager22update_regular_map_rowEiii
                0x000000000800ae34      0x238 bn_bg_blocks_manager.o
                0x000000000800ae34                bn::bg_blocks_manager::update_regular_map_row(int, int, int)
 .text._ZN2bn17bg_blocks_manager22update_regular_map_colEiii
                0x000000000800b06c      0x2cc bn_bg_blocks_manager.o
                0x000000000800b06c                bn::bg_blocks_manager::update_regular_map_col(int, int, int)
 .text._ZN2bn17bg_blocks_manager24set_regular_map_positionEiii
                0x000000000800b338      0x3a4 bn_bg_blocks_manager.o
                0x000000000800b338                bn::bg_blocks_manager::set_regular_map_position(int, int, int)
 .text._ZN3_bn6assert9show_argsIJA58_ciA4_ciEEEvPKcS5_S5_iDpRKT_
                0x000000000800b6dc       0x5c bn_bg_blocks_manager.o
                0x000000000800b6dc                void _bn::assert::show_args<char [58], int, char [4], int>(char const*, char const*, char const*, int, char const (&) [58], int const&, char const (&) [4], int const&)
 .text._ZN3_bn6assert9show_argsIJA22_ciEEEvPKcS4_S4_iDpRKT_
                0x000000000800b738       0x58 bn_bg_blocks_manager.o
                0x000000000800b738                void _bn::assert::show_args<char [22], int>(char const*, char const*, char const*, int, char const (&) [22], int const&)
 .text._ZN3_bn6assert9show_argsIJA44_cPKtA4_cS4_EEEvPKcS7_S7_iDpRKT_
                0x000000000800b790       0x6c bn_bg_blocks_manager.o
                0x000000000800b790                void _bn::assert::show_args<char [44], unsigned short const*, char [4], unsigned short const*>(char const*, char const*, char const*, int, char const (&) [44], unsigned short const* const&, char const (&) [4], unsigned short const* const&)
 .text._ZN3_bn6assert9show_argsIJA46_ciA4_ciEEEvPKcS5_S5_iDpRKT_
                0x000000000800b7fc       0x5c bn_bg_blocks_manager.o
                0x000000000800b7fc                void _bn::assert::show_args<char [46], int, char [4], int>(char const*, char const*, char const*, int, char const (&) [46], int const&, char const (&) [4], int const&)
 .text._ZN3_bn6assert9show_argsIJA37_cbA4_cbEEEvPKcS5_S5_iDpRKT_
                0x000000000800b858       0x84 bn_bg_blocks_manager.o
                0x000000000800b858                void _bn::assert::show_args<char [37], bool, char [4], bool>(char const*, char const*, char const*, int, char const (&) [37], bool const&, char const (&) [4], bool const&)
 .text._ZN3_bn6assert9show_argsIJA19_cEEEvPKcS4_S4_iDpRKT_
                0x000000000800b8dc       0x50 bn_bg_blocks_manager.o
                0x000000000800b8dc                void _bn::assert::show_args<char [19]>(char const*, char const*, char const*, int, char const (&) [19])
 .text._ZN2bn17bg_blocks_manager12_GLOBAL__N_116_find_tiles_implEPKtNS_16compression_typeEib
                0x000000000800b92c      0x1f0 bn_bg_blocks_manager.o
 .text._ZN3_bn6assert9show_argsIJA34_ciA4_ctEEEvPKcS5_S5_iDpRKT_
                0x000000000800bb1c       0x5c bn_bg_blocks_manager.o
                0x000000000800bb1c                void _bn::assert::show_args<char [34], int, char [4], unsigned short>(char const*, char const*, char const*, int, char const (&) [34], int const&, char const (&) [4], unsigned short const&)
 .text._ZN3_bn6assert9show_argsIJA36_ciA4_ctEEEvPKcS5_S5_iDpRKT_
                0x000000000800bb78       0x5c bn_bg_blocks_manager.o
                0x000000000800bb78                void _bn::assert::show_args<char [36], int, char [4], unsigned short>(char const*, char const*, char const*, int, char const (&) [36], int const&, char const (&) [4], unsigned short const&)
 .text._ZN3_bn6assert9show_argsIJA54_ciA4_ciEEEvPKcS5_S5_iDpRKT_
                0x000000000800bbd4       0x5c bn_bg_blocks_manager.o
                0x000000000800bbd4                void _bn::assert::show_args<char [54], int, char [4], int>(char const*, char const*, char const*, int, char const (&) [54], int const&, char const (&) [4], int const&)
 .text._ZN3_bn6assert9show_argsIJA34_ciA4_ciEEEvPKcS5_S5_iDpRKT_
                0x000000000800bc30       0x5c bn_bg_blocks_manager.o
                0x000000000800bc30                void _bn::assert::show_args<char [34], int, char [4], int>(char const*, char const*, char const*, int, char const (&) [34], int const&, char const (&) [4], int const&)
 .text._ZN3_bn6assert9show_argsIJA38_ciA4_ciEEEvPKcS5_S5_iDpRKT_
                0x000000000800bc8c       0x5c bn_bg_blocks_manager.o
                0x000000000800bc8c                void _bn::assert::show_args<char [38], int, char [4], int>(char const*, char const*, char const*, int, char const (&) [38], int const&, char const (&) [4], int const&)
 .text._ZN2bn17bg_blocks_manager12_GLOBAL__N_122_find_regular_map_implERKNS_19regular_bg_map_itemERKNS_20regular_bg_tiles_ptrERKNS_14bg_palette_ptrE
                0x000000000800bce8      0x3b0 bn_bg_blocks_manager.o
 .text._ZN3_bn6assert9show_argsIJA32_cEEEvPKcS4_S4_iDpRKT_
                0x000000000800c098       0x50 bn_bg_blocks_manager.o
                0x000000000800c098                void _bn::assert::show_args<char [32]>(char const*, char const*, char const*, int, char const (&) [32])
 .text._ZN2bn17bg_blocks_manager12_GLOBAL__N_121_find_affine_map_implERKNS_18affine_bg_map_itemERKNS_19affine_bg_tiles_ptrERKNS_14bg_palette_ptrE
                0x000000000800c0e8      0x358 bn_bg_blocks_manager.o
 .text._ZN3_bn6assert9show_argsIJA32_cA15_cPKtA16_ciA17_ciA43_cN2bn11string_viewEEEEvPKcSC_SC_iDpRKT_
                0x000000000800c440       0x94 bn_bg_blocks_manager.o
                0x000000000800c440                void _bn::assert::show_args<char [32], char [15], unsigned short const*, char [16], int, char [17], int, char [43], bn::string_view>(char const*, char const*, char const*, int, char const (&) [32], char const (&) [15], unsigned short const* const&, char const (&) [16], int const&, char const (&) [17], int const&, char const (&) [43], bn::string_view const&)
 .text._ZN3_bn6assert9show_argsIJA31_cA15_cPKtA16_ciA17_ciA43_cN2bn11string_viewEEEEvPKcSC_SC_iDpRKT_
                0x000000000800c4d4       0x94 bn_bg_blocks_manager.o
                0x000000000800c4d4                void _bn::assert::show_args<char [31], char [15], unsigned short const*, char [16], int, char [17], int, char [43], bn::string_view>(char const*, char const*, char const*, int, char const (&) [31], char const (&) [15], unsigned short const* const&, char const (&) [16], int const&, char const (&) [17], int const&, char const (&) [43], bn::string_view const&)
 .text._ZN3_bn6assert9show_argsIJA46_cEEEvPKcS4_S4_iDpRKT_
                0x000000000800c568       0x50 bn_bg_blocks_manager.o
                0x000000000800c568                void _bn::assert::show_args<char [46]>(char const*, char const*, char const*, int, char const (&) [46])
 .text._ZN3_bn6assert9show_argsIJA30_cA13_cPKtA14_ciA15_ciA17_ciA43_cN2bn11string_viewEEEEvPKcSD_SD_iDpRKT_
                0x000000000800c5b8       0xa8 bn_bg_blocks_manager.o
                0x000000000800c5b8                void _bn::assert::show_args<char [30], char [13], unsigned short const*, char [14], int, char [15], int, char [17], int, char [43], bn::string_view>(char const*, char const*, char const*, int, char const (&) [30], char const (&) [13], unsigned short const* const&, char const (&) [14], int const&, char const (&) [15], int const&, char const (&) [17], int const&, char const (&) [43], bn::string_view const&)
 .text._ZN3_bn6assert9show_argsIJA29_cA13_cPKtA14_ciA15_ciA17_ciA43_cN2bn11string_viewEEEEvPKcSD_SD_iDpRKT_
                0x000000000800c660       0xa8 bn_bg_blocks_manager.o
                0x000000000800c660                void _bn::assert::show_args<char [29], char [13], unsigned short const*, char [14], int, char [15], int, char [17], int, char [43], bn::string_view>(char const*, char const*, char const*, int, char const (&) [29], char const (&) [13], unsigned short const* const&, char const (&) [14], int const&, char const (&) [15], int const&, char const (&) [17], int const&, char const (&) [43], bn::string_view const&)
 .text._ZN3_bn6assert9show_argsIJA20_ciEEEvPKcS4_S4_iDpRKT_
                0x000000000800c708       0x58 bn_bg_blocks_manager.o
                0x000000000800c708                void _bn::assert::show_args<char [20], int>(char const*, char const*, char const*, int, char const (&) [20], int const&)
 .text._ZN3_bn6assert9show_argsIJA17_cEEEvPKcS4_S4_iDpRKT_
                0x000000000800c760       0x50 bn_bg_blocks_manager.o
                0x000000000800c760                void _bn::assert::show_args<char [17]>(char const*, char const*, char const*, int, char const (&) [17])
 .text._ZN2bn17bg_blocks_manager12_GLOBAL__N_110items_list12insert_afterEiRKNS1_9item_typeE.constprop.0
                0x000000000800c7b0      0x2b4 bn_bg_blocks_manager.o
 .text._ZN2bn17bg_blocks_manager4initEv
                0x000000000800ca64      0x15c bn_bg_blocks_manager.o
                0x000000000800ca64                bn::bg_blocks_manager::init()
 .text._ZN2bn13ostringstream11append_argsIA4_cJiEEEvRKT_DpRKT0_
                0x000000000800cbc0       0x18 bn_bg_blocks_manager.o
                0x000000000800cbc0                void bn::ostringstream::append_args<char [4], int>(char const (&) [4], int const&)
 .text._ZN2bn17bg_blocks_manager20affine_map_cells_refEi
                0x000000000800cbd8       0x3c bn_bg_blocks_manager.o
                0x000000000800cbd8                bn::bg_blocks_manager::affine_map_cells_ref(int)
 .text._ZNK2bn17affine_bg_map_ptr9cells_refEv
                0x000000000800cc14       0x18 bn_bg_blocks_manager.o
                0x000000000800cc14                bn::affine_bg_map_ptr::cells_ref() const
 .text._ZN3_bn6assert9show_argsIJA39_cPKN2bn4tileEA4_ciEEEvPKcS9_S9_iDpRKT_
                0x000000000800cc2c       0x64 bn_bg_blocks_manager.o
                0x000000000800cc2c                void _bn::assert::show_args<char [39], bn::tile const*, char [4], int>(char const*, char const*, char const*, int, char const (&) [39], bn::tile const* const&, char const (&) [4], int const&)
 .text._ZN3_bn6assert9show_argsIJA25_ciEEEvPKcS4_S4_iDpRKT_
                0x000000000800cc90       0x58 bn_bg_blocks_manager.o
                0x000000000800cc90                void _bn::assert::show_args<char [25], int>(char const*, char const*, char const*, int, char const (&) [25], int const&)
 .text._ZN2bn14iunordered_mapIPKviNS_4hashIS2_EENS_8equal_toIS2_EEE5eraseERKNS7_14const_iteratorE.isra.0
                0x000000000800cce8      0x1a0 bn_bg_blocks_manager.o
 .text._ZN2bn17bg_blocks_manager12_GLOBAL__N_112_create_itemEiibONS1_11create_dataE
                0x000000000800ce88      0x5b0 bn_bg_blocks_manager.o
 .text._ZN2bn17bg_blocks_manager12_GLOBAL__N_121_remove_adjacent_itemEiRNS1_9item_typeE
                0x000000000800d438       0xe0 bn_bg_blocks_manager.o
 .text._ZN2bn17bg_blocks_manager6updateEv.part.0
                0x000000000800d518      0x210 bn_bg_blocks_manager.o
 .text._ZN2bn17bg_blocks_manager6updateEv
                0x000000000800d728       0x1c bn_bg_blocks_manager.o
                0x000000000800d728                bn::bg_blocks_manager::update()
 .text._ZN2bn17bg_blocks_manager12_GLOBAL__N_112_create_implILNS1_11create_typeE2EEEiONS1_11create_dataE
                0x000000000800d744       0xfc bn_bg_blocks_manager.o
 .text._ZN2bn17bg_blocks_manager18create_regular_mapERKNS_19regular_bg_map_itemEONS_20regular_bg_tiles_ptrEONS_14bg_palette_ptrEb
                0x000000000800d840      0x298 bn_bg_blocks_manager.o
                0x000000000800d840                bn::bg_blocks_manager::create_regular_map(bn::regular_bg_map_item const&, bn::regular_bg_tiles_ptr&&, bn::bg_palette_ptr&&, bool)
 .text._ZN2bn17bg_blocks_manager17create_affine_mapERKNS_18affine_bg_map_itemEONS_19affine_bg_tiles_ptrEONS_14bg_palette_ptrEb
                0x000000000800dad8      0x224 bn_bg_blocks_manager.o
                0x000000000800dad8                bn::bg_blocks_manager::create_affine_map(bn::affine_bg_map_item const&, bn::affine_bg_tiles_ptr&&, bn::bg_palette_ptr&&, bool)
 .text._ZN2bn17bg_blocks_manager12_GLOBAL__N_112_create_implILNS1_11create_typeE1EEEiONS1_11create_dataE.constprop.0
                0x000000000800dcfc      0x178 bn_bg_blocks_manager.o
 .text._ZN2bn17bg_blocks_manager19create_affine_tilesERKNS_20affine_bg_tiles_itemEb
                0x000000000800de74      0x150 bn_bg_blocks_manager.o
                0x000000000800de74                bn::bg_blocks_manager::create_affine_tiles(bn::affine_bg_tiles_item const&, bool)
 .text._ZN2bn17affine_bg_map_ptr6createERKNS_14affine_bg_itemE
                0x000000000800dfc4       0x70 bn_bg_blocks_manager.o
                0x000000000800dfc4                bn::affine_bg_map_ptr::create(bn::affine_bg_item const&)
 .text._ZN2bn17affine_bg_map_ptr15create_optionalERKNS_14affine_bg_itemE
                0x000000000800e034       0xec bn_bg_blocks_manager.o
                0x000000000800e034                bn::affine_bg_map_ptr::create_optional(bn::affine_bg_item const&)
 .text._ZN2bn17bg_blocks_manager12_GLOBAL__N_112_create_implILNS1_11create_typeE0EEEiONS1_11create_dataE.constprop.0
                0x000000000800e120      0x19c bn_bg_blocks_manager.o
 .text._ZN2bn17bg_blocks_manager20create_regular_tilesERKNS_21regular_bg_tiles_itemEb
                0x000000000800e2bc      0x154 bn_bg_blocks_manager.o
                0x000000000800e2bc                bn::bg_blocks_manager::create_regular_tiles(bn::regular_bg_tiles_item const&, bool)
 .text._ZN2bn18regular_bg_map_ptr6createERKNS_15regular_bg_itemE
                0x000000000800e410       0x70 bn_bg_blocks_manager.o
                0x000000000800e410                bn::regular_bg_map_ptr::create(bn::regular_bg_item const&)
 .text._ZN2bn18regular_bg_map_ptr15create_optionalERKNS_15regular_bg_itemE
                0x000000000800e480       0xec bn_bg_blocks_manager.o
                0x000000000800e480                bn::regular_bg_map_ptr::create_optional(bn::regular_bg_item const&)
 .text.startup._GLOBAL__sub_I__ZN2bn7bg_maps16used_cells_countEv
                0x000000000800e56c       0x88 bn_bg_blocks_manager.o
 .text.exit._GLOBAL__sub_D__ZN2bn7bg_maps16used_cells_countEv
                0x000000000800e5f4       0x80 bn_bg_blocks_manager.o
 .text._ZN2bn11bgs_manager12_GLOBAL__N_129_check_unique_regular_big_mapERNS1_9item_typeE.part.0
                0x000000000800e674       0x54 bn_bgs_manager.o
 .text._ZN2bn11bgs_manager12_GLOBAL__N_128_check_unique_affine_big_mapERNS1_9item_typeE.part.0
                0x000000000800e6c8       0x54 bn_bgs_manager.o
 .text._ZN2bn13ostringstream11append_argsIiJA4_ciEEEvRKT_DpRKT0_.isra.0
                0x000000000800e71c       0x24 bn_bgs_manager.o
 .text._ZN2bn13affine_bg_ptrC2ERKS0_
                0x000000000800e740        0xc bn_bgs_manager.o
                0x000000000800e740                bn::affine_bg_ptr::affine_bg_ptr(bn::affine_bg_ptr const&)
                0x000000000800e740                bn::affine_bg_ptr::affine_bg_ptr(bn::affine_bg_ptr const&)
 .text._ZN2bn13affine_bg_ptr11set_visibleEb
                0x000000000800e74c       0x30 bn_bgs_manager.o
                0x000000000800e74c                bn::affine_bg_ptr::set_visible(bool)
 .text._ZN2bn17affine_bg_builder20release_map_optionalEv
                0x000000000800e77c       0xa4 bn_bgs_manager.o
                0x000000000800e77c                bn::affine_bg_builder::release_map_optional()
 .text._ZNK2bn14regular_bg_ptr1xEv
                0x000000000800e820        0x8 bn_bgs_manager.o
                0x000000000800e820                bn::regular_bg_ptr::x() const
 .text._ZNK2bn14regular_bg_ptr1yEv
                0x000000000800e828        0x8 bn_bgs_manager.o
                0x000000000800e828                bn::regular_bg_ptr::y() const
 .text._ZN2bn18regular_bg_builder20release_map_optionalEv
                0x000000000800e830       0xa0 bn_bgs_manager.o
                0x000000000800e830                bn::regular_bg_builder::release_map_optional()
 .text._ZN2bn11bgs_manager5hw_idEPv
                0x000000000800e8d0       0x24 bn_bgs_manager.o
                0x000000000800e8d0                bn::bgs_manager::hw_id(void*)
 .text._ZN2bn11bgs_manager11hw_positionEPv
                0x000000000800e8f4        0x4 bn_bgs_manager.o
                0x000000000800e8f4                bn::bgs_manager::hw_position(void*)
 .text._ZN2bn11bgs_manager14mat_attributesEPv
                0x000000000800e8f8        0x4 bn_bgs_manager.o
                0x000000000800e8f8                bn::bgs_manager::mat_attributes(void*)
 .text._ZN2bn11bgs_manager36fill_hblank_effect_regular_positionsEiPKNS_7fixed_tILi12EEEPt
                0x000000000800e8fc       0x38 bn_bgs_manager.o
                0x000000000800e8fc                bn::bgs_manager::fill_hblank_effect_regular_positions(int, bn::fixed_t<12> const*, unsigned short*)
 .text._ZN2bn11bgs_manager45fill_hblank_effect_pivot_horizontal_positionsEPvPKNS_7fixed_tILi12EEEPj
                0x000000000800e934       0x24 bn_bgs_manager.o
                0x000000000800e934                bn::bgs_manager::fill_hblank_effect_pivot_horizontal_positions(void*, bn::fixed_t<12> const*, unsigned int*)
 .text._ZN2bn11bgs_manager43fill_hblank_effect_pivot_vertical_positionsEPvPKNS_7fixed_tILi12EEEPj
                0x000000000800e958       0x24 bn_bgs_manager.o
                0x000000000800e958                bn::bgs_manager::fill_hblank_effect_pivot_vertical_positions(void*, bn::fixed_t<12> const*, unsigned int*)
 .text._ZN2bn11bgs_manager6commitEv
                0x000000000800e97c       0xf8 bn_bgs_manager.o
                0x000000000800e97c                bn::bgs_manager::commit()
 .text._ZN2bn11bgs_manager4stopEv
                0x000000000800ea74       0x28 bn_bgs_manager.o
                0x000000000800ea74                bn::bgs_manager::stop()
 .text._ZN3_bn6assert9show_argsIJA18_ciEEEvPKcS4_S4_iDpRKT_
                0x000000000800ea9c       0x58 bn_bgs_manager.o
                0x000000000800ea9c                void _bn::assert::show_args<char [18], int>(char const*, char const*, char const*, int, char const (&) [18], int const&)
 .text._ZNK2bn13affine_bg_ptr10dimensionsEv
                0x000000000800eaf4       0x64 bn_bgs_manager.o
                0x000000000800eaf4                bn::affine_bg_ptr::dimensions() const
 .text._ZN2bn11bgs_manager15commit_big_mapsEv
                0x000000000800eb58      0x314 bn_bgs_manager.o
                0x000000000800eb58                bn::bgs_manager::commit_big_maps()
 .text._ZN2bn11bgs_manager10affine_mapEPv
                0x000000000800ee6c       0x34 bn_bgs_manager.o
                0x000000000800ee6c                bn::bgs_manager::affine_map(void*)
 .text._ZN2bn11bgs_manager11regular_mapEPv
                0x000000000800eea0       0x34 bn_bgs_manager.o
                0x000000000800eea0                bn::bgs_manager::regular_map(void*)
 .text._ZNK2bn13affine_bg_ptr3mapEv
                0x000000000800eed4       0x38 bn_bgs_manager.o
                0x000000000800eed4                bn::affine_bg_ptr::map() const
 .text._ZN3_bn6assert9show_argsIJA30_cEEEvPKcS4_S4_iDpRKT_
                0x000000000800ef0c       0x50 bn_bgs_manager.o
                0x000000000800ef0c                void _bn::assert::show_args<char [30]>(char const*, char const*, char const*, int, char const (&) [30])
 .text._ZN2bn17affine_bg_builder11release_mapEv
                0x000000000800ef5c       0x58 bn_bgs_manager.o
                0x000000000800ef5c                bn::affine_bg_builder::release_map()
 .text._ZN2bn18regular_bg_builder11release_mapEv
                0x000000000800efb4       0x50 bn_bgs_manager.o
                0x000000000800efb4                bn::regular_bg_builder::release_map()
 .text._ZN3_bn6assert9show_argsIJA60_ciA4_ciEEEvPKcS5_S5_iDpRKT_
                0x000000000800f004       0x5c bn_bgs_manager.o
                0x000000000800f004                void _bn::assert::show_args<char [60], int, char [4], int>(char const*, char const*, char const*, int, char const (&) [60], int const&, char const (&) [4], int const&)
 .text._ZN2bn14regular_bg_ptr5set_xENS_7fixed_tILi12EEE
                0x000000000800f060       0xb4 bn_bgs_manager.o
                0x000000000800f060                bn::regular_bg_ptr::set_x(bn::fixed_t<12>)
 .text._ZN2bn14regular_bg_ptr5set_yENS_7fixed_tILi12EEE
                0x000000000800f114       0xb8 bn_bgs_manager.o
                0x000000000800f114                bn::regular_bg_ptr::set_y(bn::fixed_t<12>)
 .text._ZN2bn11bgs_manager12_GLOBAL__N_19item_type18update_regular_mapEv
                0x000000000800f1cc      0x2b0 bn_bgs_manager.o
 .text._ZN3_bn6assert9show_argsIJA59_ciA4_ciEEEvPKcS5_S5_iDpRKT_
                0x000000000800f47c       0x5c bn_bgs_manager.o
                0x000000000800f47c                void _bn::assert::show_args<char [59], int, char [4], int>(char const*, char const*, char const*, int, char const (&) [59], int const&, char const (&) [4], int const&)
 .text._ZN2bn11bgs_manager12_GLOBAL__N_19item_type18update_affine_hw_xEv
                0x000000000800f4d8       0x84 bn_bgs_manager.o
 .text._ZN3_bn6assert9show_argsIJA57_ciA4_ciEEEvPKcS5_S5_iDpRKT_
                0x000000000800f55c       0x5c bn_bgs_manager.o
                0x000000000800f55c                void _bn::assert::show_args<char [57], int, char [4], int>(char const*, char const*, char const*, int, char const (&) [57], int const&, char const (&) [4], int const&)
 .text._ZN2bn11bgs_manager12_GLOBAL__N_19item_type18update_affine_hw_yEv
                0x000000000800f5b8       0x84 bn_bgs_manager.o
 .text._ZN2bn11bgs_manager10set_cameraEPvONS_10camera_ptrE
                0x000000000800f63c      0x210 bn_bgs_manager.o
                0x000000000800f63c                bn::bgs_manager::set_camera(void*, bn::camera_ptr&&)
 .text._ZN2bn11bgs_manager13remove_cameraEPv.part.0
                0x000000000800f84c      0x180 bn_bgs_manager.o
 .text._ZN2bn13affine_bg_ptr10set_cameraERKNS_8optionalINS_10camera_ptrEEE
                0x000000000800f9cc       0x44 bn_bgs_manager.o
                0x000000000800f9cc                bn::affine_bg_ptr::set_camera(bn::optional<bn::camera_ptr> const&)
 .text._ZN2bn11bgs_manager14update_camerasEv
                0x000000000800fa10      0x2d8 bn_bgs_manager.o
                0x000000000800fa10                bn::bgs_manager::update_cameras()
 .text._ZN3_bn6assert9show_argsIJA24_cEEEvPKcS4_S4_iDpRKT_
                0x000000000800fce8       0x50 bn_bgs_manager.o
                0x000000000800fce8                void _bn::assert::show_args<char [24]>(char const*, char const*, char const*, int, char const (&) [24])
 .text._ZN2bn11bgs_manager37fill_hblank_effect_regular_attributesEPvPKNS_21regular_bg_attributesEPt
                0x000000000800fd38      0x124 bn_bgs_manager.o
                0x000000000800fd38                bn::bgs_manager::fill_hblank_effect_regular_attributes(void*, bn::regular_bg_attributes const*, unsigned short*)
 .text._ZN2bn11bgs_manager36fill_hblank_effect_affine_attributesEPvPKNS_20affine_bg_attributesEPt
                0x000000000800fe5c      0x11c bn_bgs_manager.o
                0x000000000800fe5c                bn::bgs_manager::fill_hblank_effect_affine_attributes(void*, bn::affine_bg_attributes const*, unsigned short*)
 .text._ZN3_bn6assert9show_argsIJA31_cEEEvPKcS4_S4_iDpRKT_
                0x000000000800ff78       0x50 bn_bgs_manager.o
                0x000000000800ff78                void _bn::assert::show_args<char [31]>(char const*, char const*, char const*, int, char const (&) [31])
 .text._ZN2bn11bgs_manager6updateEv
                0x000000000800ffc8      0x184 bn_bgs_manager.o
                0x000000000800ffc8                bn::bgs_manager::update()
 .text._ZN3_bn6assert9show_argsIJA18_cEEEvPKcS4_S4_iDpRKT_
                0x000000000801014c       0x50 bn_bgs_manager.o
                0x000000000801014c                void _bn::assert::show_args<char [18]>(char const*, char const*, char const*, int, char const (&) [18])
 .text._ZN2bn11bgs_manager12_GLOBAL__N_112_insert_itemERNS1_9item_typeE
                0x000000000801019c      0x100 bn_bgs_manager.o
 .text._ZN3_bn6assert9show_argsIJA13_cEEEvPKcS4_S4_iDpRKT_
                0x000000000801029c       0x50 bn_bgs_manager.o
                0x000000000801029c                void _bn::assert::show_args<char [13]>(char const*, char const*, char const*, int, char const (&) [13])
 .text._ZN2bn11bgs_manager15create_optionalEONS_18regular_bg_builderE
                0x00000000080102ec      0x220 bn_bgs_manager.o
                0x00000000080102ec                bn::bgs_manager::create_optional(bn::regular_bg_builder&&)
 .text._ZN2bn11bgs_manager6createEONS_18regular_bg_builderE
                0x000000000801050c      0x214 bn_bgs_manager.o
                0x000000000801050c                bn::bgs_manager::create(bn::regular_bg_builder&&)
 .text._ZNK2bn15regular_bg_item9create_bgENS_7fixed_tILi12EEES2_
                0x0000000008010720       0x80 bn_bgs_manager.o
                0x0000000008010720                bn::regular_bg_item::create_bg(bn::fixed_t<12>, bn::fixed_t<12>) const
 .text._ZN3_bn6assert9show_argsIJA14_cEEEvPKcS4_S4_iDpRKT_
                0x00000000080107a0       0x50 bn_bgs_manager.o
                0x00000000080107a0                void _bn::assert::show_args<char [14]>(char const*, char const*, char const*, int, char const (&) [14])
 .text._ZN3_bn6assert9show_argsIJA23_ciA4_ciEEEvPKcS5_S5_iDpRKT_
                0x00000000080107f0       0x5c bn_bgs_manager.o
                0x00000000080107f0                void _bn::assert::show_args<char [23], int, char [4], int>(char const*, char const*, char const*, int, char const (&) [23], int const&, char const (&) [4], int const&)
 .text._ZN2bn5eraseERNS_7ivectorIPNS_11bgs_manager12_GLOBAL__N_19item_typeEEERKS4_.constprop.0.isra.0
                0x000000000801084c      0x144 bn_bgs_manager.o
 .text._ZN2bn11bgs_manager15decrease_usagesEPv
                0x0000000008010990      0x130 bn_bgs_manager.o
                0x0000000008010990                bn::bgs_manager::decrease_usages(void*)
 .text._ZN2bn13affine_bg_ptraSERKS0_
                0x0000000008010ac0       0x28 bn_bgs_manager.o
                0x0000000008010ac0                bn::affine_bg_ptr::operator=(bn::affine_bg_ptr const&)
 .text._ZN2bn13affine_bg_ptr8_destroyEv
                0x0000000008010ae8       0x10 bn_bgs_manager.o
                0x0000000008010ae8                bn::affine_bg_ptr::_destroy()
 .text._ZN2bn14regular_bg_ptr8_destroyEv
                0x0000000008010af8       0x10 bn_bgs_manager.o
                0x0000000008010af8                bn::regular_bg_ptr::_destroy()
 .text._ZN2bn14regular_bg_ptr15create_optionalENS_7fixed_tILi12EEES2_RKNS_15regular_bg_itemE
                0x0000000008010b08       0xb4 bn_bgs_manager.o
                0x0000000008010b08                bn::regular_bg_ptr::create_optional(bn::fixed_t<12>, bn::fixed_t<12>, bn::regular_bg_item const&)
 .text._ZNK2bn15regular_bg_item18create_bg_optionalENS_7fixed_tILi12EEES2_
                0x0000000008010bbc       0x1c bn_bgs_manager.o
                0x0000000008010bbc                bn::regular_bg_item::create_bg_optional(bn::fixed_t<12>, bn::fixed_t<12>) const
 .text._ZN2bn13affine_bg_ptr12set_priorityEi
                0x0000000008010bd8       0x64 bn_bgs_manager.o
                0x0000000008010bd8                bn::affine_bg_ptr::set_priority(int)
 .text._ZN2bn14regular_bg_ptr12set_priorityEi
                0x0000000008010c3c       0x64 bn_bgs_manager.o
                0x0000000008010c3c                bn::regular_bg_ptr::set_priority(int)
 .text._ZN2bn11bgs_manager20set_horizontal_scaleEPvNS_7fixed_tILi12EEE
                0x0000000008010ca0      0x16c bn_bgs_manager.o
                0x0000000008010ca0                bn::bgs_manager::set_horizontal_scale(void*, bn::fixed_t<12>)
 .text._ZN2bn13affine_bg_ptr20set_horizontal_scaleENS_7fixed_tILi12EEE
                0x0000000008010e0c       0x10 bn_bgs_manager.o
                0x0000000008010e0c                bn::affine_bg_ptr::set_horizontal_scale(bn::fixed_t<12>)
 .text._ZN2bn11bgs_manager18set_vertical_scaleEPvNS_7fixed_tILi12EEE
                0x0000000008010e1c      0x170 bn_bgs_manager.o
                0x0000000008010e1c                bn::bgs_manager::set_vertical_scale(void*, bn::fixed_t<12>)
 .text._ZN2bn13affine_bg_ptr18set_vertical_scaleENS_7fixed_tILi12EEE
                0x0000000008010f8c       0x10 bn_bgs_manager.o
                0x0000000008010f8c                bn::affine_bg_ptr::set_vertical_scale(bn::fixed_t<12>)
 .text._ZN2bn11bgs_manager12_GLOBAL__N_19item_type17update_affine_mapEb
                0x0000000008010f9c      0x258 bn_bgs_manager.o
 .text._ZN2bn11bgs_manager12_GLOBAL__N_19item_typeC2EONS_17affine_bg_builderEONS_17affine_bg_map_ptrE.isra.0
                0x00000000080111f4      0x1fc bn_bgs_manager.o
 .text._ZN2bn11bgs_manager15create_optionalEONS_17affine_bg_builderE
                0x00000000080113f0       0xfc bn_bgs_manager.o
                0x00000000080113f0                bn::bgs_manager::create_optional(bn::affine_bg_builder&&)
 .text._ZN2bn13affine_bg_ptr15create_optionalENS_7fixed_tILi12EEES2_RKNS_14affine_bg_itemE
                0x00000000080114ec       0xe8 bn_bgs_manager.o
                0x00000000080114ec                bn::affine_bg_ptr::create_optional(bn::fixed_t<12>, bn::fixed_t<12>, bn::affine_bg_item const&)
 .text._ZNK2bn14affine_bg_item18create_bg_optionalENS_7fixed_tILi12EEES2_
                0x00000000080115d4       0x1c bn_bgs_manager.o
                0x00000000080115d4                bn::affine_bg_item::create_bg_optional(bn::fixed_t<12>, bn::fixed_t<12>) const
 .text._ZN2bn11bgs_manager6createEONS_17affine_bg_builderE
                0x00000000080115f0       0xfc bn_bgs_manager.o
                0x00000000080115f0                bn::bgs_manager::create(bn::affine_bg_builder&&)
 .text._ZNK2bn14affine_bg_item9create_bgENS_7fixed_tILi12EEES2_
                0x00000000080116ec       0xbc bn_bgs_manager.o
                0x00000000080116ec                bn::affine_bg_item::create_bg(bn::fixed_t<12>, bn::fixed_t<12>) const
 .text.startup._GLOBAL__sub_I__ZN2bn3bgs16used_items_countEv
                0x00000000080117a8       0x64 bn_bgs_manager.o
 .text.exit._GLOBAL__sub_D__ZN2bn3bgs16used_items_countEv
                0x000000000801180c       0x38 bn_bgs_manager.o
 .text._ZN2bn10camera_ptr15create_optionalENS_7fixed_tILi12EEES2_
                0x0000000008011844       0x48 bn_cameras_manager.o
                0x0000000008011844                bn::camera_ptr::create_optional(bn::fixed_t<12>, bn::fixed_t<12>)
 .text._ZN2bn10camera_ptrC2ERKS0_
                0x000000000801188c       0x20 bn_cameras_manager.o
                0x000000000801188c                bn::camera_ptr::camera_ptr(bn::camera_ptr const&)
                0x000000000801188c                bn::camera_ptr::camera_ptr(bn::camera_ptr const&)
 .text._ZNK2bn10camera_ptr1xEv
                0x00000000080118ac       0x14 bn_cameras_manager.o
                0x00000000080118ac                bn::camera_ptr::x() const
 .text._ZN2bn10camera_ptr5set_xENS_7fixed_tILi12EEE
                0x00000000080118c0       0x24 bn_cameras_manager.o
                0x00000000080118c0                bn::camera_ptr::set_x(bn::fixed_t<12>)
 .text._ZNK2bn10camera_ptr1yEv
                0x00000000080118e4       0x18 bn_cameras_manager.o
                0x00000000080118e4                bn::camera_ptr::y() const
 .text._ZN2bn10camera_ptr5set_yENS_7fixed_tILi12EEE
                0x00000000080118fc       0x24 bn_cameras_manager.o
                0x00000000080118fc                bn::camera_ptr::set_y(bn::fixed_t<12>)
 .text._ZNK2bn10camera_ptr8positionEv
                0x0000000008011920       0x14 bn_cameras_manager.o
                0x0000000008011920                bn::camera_ptr::position() const
 .text._ZN2bn15cameras_manager6updateEv
                0x0000000008011934       0x28 bn_cameras_manager.o
                0x0000000008011934                bn::cameras_manager::update()
 .text._ZN2bn15cameras_manager4initEv
                0x000000000801195c       0x50 bn_cameras_manager.o
                0x000000000801195c                bn::cameras_manager::init()
 .text._ZN2bn15cameras_manager15decrease_usagesEi
                0x00000000080119ac       0x5c bn_cameras_manager.o
                0x00000000080119ac                bn::cameras_manager::decrease_usages(int)
 .text._ZN2bn10camera_ptraSERKS0_
                0x0000000008011a08       0x40 bn_cameras_manager.o
                0x0000000008011a08                bn::camera_ptr::operator=(bn::camera_ptr const&)
 .text._ZN2bn10camera_ptr8_destroyEv
                0x0000000008011a48       0x60 bn_cameras_manager.o
                0x0000000008011a48                bn::camera_ptr::_destroy()
 .text.startup._GLOBAL__sub_I__ZN2bn7cameras16used_items_countEv
                0x0000000008011aa8       0x2c bn_cameras_manager.o
 .text._ZN2bn4core12_GLOBAL__N_118hp_vblank_functionEv
                0x0000000008011ad4       0x24 bn_core.o
 .text._ZN2bn4core12_GLOBAL__N_111update_implEv
                0x0000000008011af8       0x80 bn_core.o
 .text._ZN2bn4core12_GLOBAL__N_14stopEb
                0x0000000008011b78       0x48 bn_core.o
 .text._ZN2bn11string_viewC2EPKc
                0x0000000008011bc0       0x1c bn_core.o
                0x0000000008011bc0                bn::string_view::string_view(char const*)
                0x0000000008011bc0                bn::string_view::string_view(char const*)
 .text._ZN2bn4core6updateEv
                0x0000000008011bdc       0x74 bn_core.o
                0x0000000008011bdc                bn::core::update()
 .text._ZN2bn4core4initERKNS_11string_viewE
                0x0000000008011c50       0xbc bn_core.o
                0x0000000008011c50                bn::core::init(bn::string_view const&)
 .text._ZN2bn4core4initEv
                0x0000000008011d0c       0x18 bn_core.o
                0x0000000008011d0c                bn::core::init()
 .text._ZN3_bn6assert4showEPKcS2_S2_iRKN2bn12istring_baseE
                0x0000000008011d24       0x58 bn_core.o
                0x0000000008011d24                _bn::assert::show(char const*, char const*, char const*, int, bn::istring_base const&)
 .text.startup._GLOBAL__sub_I__ZN2bn4core4initEv
                0x0000000008011d7c       0x24 bn_core.o
 .text._ZN2bn15display_manager12_GLOBAL__N_134_update_rect_windows_hw_boundariesEi
                0x0000000008011da0       0x98 bn_display_manager.o
 .text._ZN2bn15display_manager4initEv
                0x0000000008011e38       0x48 bn_display_manager.o
                0x0000000008011e38                bn::display_manager::init()
 .text._ZN2bn15display_manager8set_modeEi
                0x0000000008011e80       0x1c bn_display_manager.o
                0x0000000008011e80                bn::display_manager::set_mode(int)
 .text._ZN2bn15display_manager14set_bg_enabledEib
                0x0000000008011e9c       0x1c bn_display_manager.o
                0x0000000008011e9c                bn::display_manager::set_bg_enabled(int, bool)
 .text._ZN2bn15display_manager15disable_all_bgsEv
                0x0000000008011eb8       0x18 bn_display_manager.o
                0x0000000008011eb8                bn::display_manager::disable_all_bgs()
 .text._ZN2bn15display_manager36fill_mosaic_hblank_effect_attributesEPKNS_17mosaic_attributesEPt
                0x0000000008011ed0       0xb4 bn_display_manager.o
                0x0000000008011ed0                bn::display_manager::fill_mosaic_hblank_effect_attributes(bn::mosaic_attributes const*, unsigned short*)
 .text._ZN2bn15display_manager23set_blending_bg_enabledEib
                0x0000000008011f84       0x14 bn_display_manager.o
                0x0000000008011f84                bn::display_manager::set_blending_bg_enabled(int, bool)
 .text._ZN2bn15display_manager27blending_transparency_alphaEv
                0x0000000008011f98        0xc bn_display_manager.o
                0x0000000008011f98                bn::display_manager::blending_transparency_alpha()
 .text._ZN2bn15display_manager24blending_intensity_alphaEv
                0x0000000008011fa4        0xc bn_display_manager.o
                0x0000000008011fa4                bn::display_manager::blending_intensity_alpha()
 .text._ZN2bn15display_manager51fill_blending_transparency_hblank_effect_attributesEPKNS_32blending_transparency_attributesEPt
                0x0000000008011fb0       0x3c bn_display_manager.o
                0x0000000008011fb0                bn::display_manager::fill_blending_transparency_hblank_effect_attributes(bn::blending_transparency_attributes const*, unsigned short*)
 .text._ZN2bn15display_manager21blending_fade_enabledEv
                0x0000000008011fec       0x10 bn_display_manager.o
                0x0000000008011fec                bn::display_manager::blending_fade_enabled()
 .text._ZN2bn15display_manager39fill_blending_fade_hblank_effect_alphasEPKNS_19blending_fade_alphaEPt
                0x0000000008011ffc       0x24 bn_display_manager.o
                0x0000000008011ffc                bn::display_manager::fill_blending_fade_hblank_effect_alphas(bn::blending_fade_alpha const*, unsigned short*)
 .text._ZN2bn15display_manager26update_windows_visible_bgsEv
                0x0000000008012020       0x10 bn_display_manager.o
                0x0000000008012020                bn::display_manager::update_windows_visible_bgs()
 .text._ZN2bn15display_manager36rect_window_hw_horizontal_boundariesEi
                0x0000000008012030       0x18 bn_display_manager.o
                0x0000000008012030                bn::display_manager::rect_window_hw_horizontal_boundaries(int)
 .text._ZN2bn15display_manager34rect_window_hw_vertical_boundariesEi
                0x0000000008012048       0x18 bn_display_manager.o
                0x0000000008012048                bn::display_manager::rect_window_hw_vertical_boundaries(int)
 .text._ZN2bn15display_manager52fill_rect_window_hblank_effect_horizontal_boundariesERKNS_4pairIiiEEPKNS1_INS_7fixed_tILi12EEES6_EEPt
                0x0000000008012060      0x13c bn_display_manager.o
                0x0000000008012060                bn::display_manager::fill_rect_window_hblank_effect_horizontal_boundaries(bn::pair<int, int> const&, bn::pair<bn::fixed_t<12>, bn::fixed_t<12> > const*, unsigned short*)
 .text._ZN2bn15display_manager50fill_rect_window_hblank_effect_vertical_boundariesERKNS_4pairIiiEEPKNS1_INS_7fixed_tILi12EEES6_EEPt
                0x000000000801219c      0x13c bn_display_manager.o
                0x000000000801219c                bn::display_manager::fill_rect_window_hblank_effect_vertical_boundaries(bn::pair<int, int> const&, bn::pair<bn::fixed_t<12>, bn::fixed_t<12> > const*, unsigned short*)
 .text._ZN2bn15display_manager36fill_green_swap_hblank_effect_statesEPKbPt
                0x00000000080122d8       0x38 bn_display_manager.o
                0x00000000080122d8                bn::display_manager::fill_green_swap_hblank_effect_states(bool const*, unsigned short*)
 .text._ZN2bn15display_manager14update_camerasEv
                0x0000000008012310       0x40 bn_display_manager.o
                0x0000000008012310                bn::display_manager::update_cameras()
 .text._ZN2bn15display_manager6updateEv
                0x0000000008012350      0x104 bn_display_manager.o
                0x0000000008012350                bn::display_manager::update()
 .text._ZN2bn15display_manager6commitEv
                0x0000000008012454      0x2b0 bn_display_manager.o
                0x0000000008012454                bn::display_manager::commit()
 .text._ZN2bn15display_manager4stopEv
                0x0000000008012704       0x2c bn_display_manager.o
                0x0000000008012704                bn::display_manager::stop()
 .text._ZN2bn15display_manager21set_show_bg_in_windowEiPvb
                0x0000000008012730      0x17c bn_display_manager.o
                0x0000000008012730                bn::display_manager::set_show_bg_in_window(int, void*, bool)
 .text._ZN2bn15display_manager26set_show_bg_in_all_windowsEPvb
                0x00000000080128ac       0x20 bn_display_manager.o
                0x00000000080128ac                bn::display_manager::set_show_bg_in_all_windows(void*, bool)
 .text.startup._GLOBAL__sub_I__ZNK2bn6window7show_bgERKNS_14regular_bg_ptrE
                0x00000000080128cc       0x8c bn_display_manager.o
 .text.exit._GLOBAL__sub_D__ZNK2bn6window7show_bgERKNS_14regular_bg_ptrE
                0x0000000008012958       0x48 bn_display_manager.o
 .text._ZN3_bn6formatERN2bn13ostringstreamEPKcS4_
                0x00000000080129a0       0xd0 bn_format.o
                0x00000000080129a0                _bn::format(bn::ostringstream&, char const*, char const*)
 .text._ZN2bn12gpio_manager6commitEv
                0x0000000008012a70       0x48 bn_gpio_manager.o
                0x0000000008012a70                bn::gpio_manager::commit()
 .text._ZN2bn12gpio_manager4stopEv
                0x0000000008012ab8       0x3c bn_gpio_manager.o
                0x0000000008012ab8                bn::gpio_manager::stop()
 .text._ZN2bn7type_idINS_4pairIiiEEEENS_9type_id_tEv
                0x0000000008012af4        0x8 bn_hblank_effects_manager.o
                0x0000000008012af4                bn::type_id_t bn::type_id<bn::pair<int, int> >()
 .text._ZN2bn7type_idINS_33regular_bg_attributes_hbe_handler15last_value_typeEEENS_9type_id_tEv
                0x0000000008012afc        0x8 bn_hblank_effects_manager.o
                0x0000000008012afc                bn::type_id_t bn::type_id<bn::regular_bg_attributes_hbe_handler::last_value_type>()
 .text._ZN2bn7type_idINS_32affine_bg_attributes_hbe_handler15last_value_typeEEENS_9type_id_tEv
                0x0000000008012b04        0x8 bn_hblank_effects_manager.o
                0x0000000008012b04                bn::type_id_t bn::type_id<bn::affine_bg_attributes_hbe_handler::last_value_type>()
 .text._ZN2bn7type_idIiEENS_9type_id_tEv
                0x0000000008012b0c        0x8 bn_hblank_effects_manager.o
                0x0000000008012b0c                bn::type_id_t bn::type_id<int>()
 .text._ZN2bn7type_idINS_47affine_bg_pivot_horizontal_position_hbe_handler15last_value_typeEEENS_9type_id_tEv
                0x0000000008012b14        0x8 bn_hblank_effects_manager.o
                0x0000000008012b14                bn::type_id_t bn::type_id<bn::affine_bg_pivot_horizontal_position_hbe_handler::last_value_type>()
 .text._ZN2bn7type_idINS_45affine_bg_pivot_vertical_position_hbe_handler15last_value_typeEEENS_9type_id_tEv
                0x0000000008012b1c        0x8 bn_hblank_effects_manager.o
                0x0000000008012b1c                bn::type_id_t bn::type_id<bn::affine_bg_pivot_vertical_position_hbe_handler::last_value_type>()
 .text._ZN2bn7type_idINS_35sprite_first_attributes_hbe_handler15last_value_typeEEENS_9type_id_tEv
                0x0000000008012b24        0x8 bn_hblank_effects_manager.o
                0x0000000008012b24                bn::type_id_t bn::type_id<bn::sprite_first_attributes_hbe_handler::last_value_type>()
 .text._ZN2bn7type_idINS_35sprite_second_attributes_last_valueEEENS_9type_id_tEv
                0x0000000008012b2c        0x8 bn_hblank_effects_manager.o
                0x0000000008012b2c                bn::type_id_t bn::type_id<bn::sprite_second_attributes_last_value>()
 .text._ZN2bn7type_idINS_17sprite_shape_sizeEEENS_9type_id_tEv
                0x0000000008012b34        0x8 bn_hblank_effects_manager.o
                0x0000000008012b34                bn::type_id_t bn::type_id<bn::sprite_shape_size>()
 .text._ZN2bn22hblank_effects_manager7disableEv
                0x0000000008012b3c       0x24 bn_hblank_effects_manager.o
                0x0000000008012b3c                bn::hblank_effects_manager::disable()
 .text._ZN2bn22hblank_effects_manager6commitEv
                0x0000000008012b60       0x74 bn_hblank_effects_manager.o
                0x0000000008012b60                bn::hblank_effects_manager::commit()
 .text._ZN2bn8optionalINS_29affine_bg_pa_register_hbe_ptrEEdeEv.part.0
                0x0000000008012bd4       0x28 bn_hblank_effects_manager.o
 .text._ZN2bn22hblank_effects_manager12_GLOBAL__N_110_is_uint32ENS0_12handler_typeE.part.0
                0x0000000008012bfc       0x2c bn_hblank_effects_manager.o
 .text._ZN3_bn6assert9show_argsIJA66_cEEEvPKcS4_S4_iDpRKT_
                0x0000000008012c28       0x50 bn_hblank_effects_manager.o
                0x0000000008012c28                void _bn::assert::show_args<char [66]>(char const*, char const*, char const*, int, char const (&) [66])
 .text._ZN3_bn6assert9show_argsIJA63_cEEEvPKcS4_S4_iDpRKT_
                0x0000000008012c78       0x50 bn_hblank_effects_manager.o
                0x0000000008012c78                void _bn::assert::show_args<char [63]>(char const*, char const*, char const*, int, char const (&) [63])
 .text._ZN3_bn6assert9show_argsIJA34_cEEEvPKcS4_S4_iDpRKT_
                0x0000000008012cc8       0x50 bn_hblank_effects_manager.o
                0x0000000008012cc8                void _bn::assert::show_args<char [34]>(char const*, char const*, char const*, int, char const (&) [34])
 .text._ZN2bn22hblank_effects_manager12_GLOBAL__N_19item_type18_check_update_implINS_32affine_bg_attributes_hbe_handlerEEEbv
                0x0000000008012d18      0x1bc bn_hblank_effects_manager.o
 .text._ZN2bn22hblank_effects_manager12_GLOBAL__N_19item_type18_check_update_implINS_33regular_bg_attributes_hbe_handlerEEEbv
                0x0000000008012ed4      0x1dc bn_hblank_effects_manager.o
 .text._ZN2bn22hblank_effects_manager12_GLOBAL__N_19item_type12check_updateEv
                0x00000000080130b0     0x2828 bn_hblank_effects_manager.o
 .text._ZN2bn22hblank_effects_manager6updateEv
                0x00000000080158d8      0x220 bn_hblank_effects_manager.o
                0x00000000080158d8                bn::hblank_effects_manager::update()
 .text._ZN2bn22hblank_effects_manager4initEv
                0x0000000008015af8       0xe0 bn_hblank_effects_manager.o
                0x0000000008015af8                bn::hblank_effects_manager::init()
 .text._ZN3_bn6assert9show_argsIJA39_cPKN2bn5colorEA4_ciEEEvPKcS9_S9_iDpRKT_
                0x0000000008015bd8       0x64 bn_hblank_effects_manager.o
                0x0000000008015bd8                void _bn::assert::show_args<char [39], bn::color const*, char [4], int>(char const*, char const*, char const*, int, char const (&) [39], bn::color const* const&, char const (&) [4], int const&)
 .text.startup._GLOBAL__sub_I__ZN2bn4hbes10used_countEv
                0x0000000008015c3c      0x100 bn_hblank_effects_manager.o
 .text.exit._GLOBAL__sub_D__ZN2bn4hbes10used_countEv
                0x0000000008015d3c       0x40 bn_hblank_effects_manager.o
 .text._ZN2bn12hdma_manager7disableEv
                0x0000000008015d7c       0x30 bn_hdma_manager.o
                0x0000000008015d7c                bn::hdma_manager::disable()
 .text._ZN2bn12hdma_manager10force_stopEv
                0x0000000008015dac       0x3c bn_hdma_manager.o
                0x0000000008015dac                bn::hdma_manager::force_stop()
 .text._ZN2bn12hdma_manager6updateEv
                0x0000000008015de8       0x6c bn_hdma_manager.o
                0x0000000008015de8                bn::hdma_manager::update()
 .text._ZN2bn12hdma_manager6commitEv
                0x0000000008015e54       0xd0 bn_hdma_manager.o
                0x0000000008015e54                bn::hdma_manager::commit()
 .text.startup._GLOBAL__sub_I__ZN2bn4hdma7runningEv
                0x0000000008015f24       0x34 bn_hdma_manager.o
 .text._ZN2bn6keypad9a_pressedEv
                0x0000000008015f58       0x10 bn_keypad_manager.o
                0x0000000008015f58                bn::keypad::a_pressed()
 .text._ZN2bn6keypad9b_pressedEv
                0x0000000008015f68       0x10 bn_keypad_manager.o
                0x0000000008015f68                bn::keypad::b_pressed()
 .text._ZN2bn6keypad14select_pressedEv
                0x0000000008015f78       0x10 bn_keypad_manager.o
                0x0000000008015f78                bn::keypad::select_pressed()
 .text._ZN2bn6keypad13start_pressedEv
                0x0000000008015f88       0x10 bn_keypad_manager.o
                0x0000000008015f88                bn::keypad::start_pressed()
 .text._ZN2bn6keypad10right_heldEv
                0x0000000008015f98       0x10 bn_keypad_manager.o
                0x0000000008015f98                bn::keypad::right_held()
 .text._ZN2bn6keypad9left_heldEv
                0x0000000008015fa8       0x10 bn_keypad_manager.o
                0x0000000008015fa8                bn::keypad::left_held()
 .text._ZN2bn6keypad7up_heldEv
                0x0000000008015fb8       0x10 bn_keypad_manager.o
                0x0000000008015fb8                bn::keypad::up_held()
 .text._ZN2bn6keypad10up_pressedEv
                0x0000000008015fc8       0x10 bn_keypad_manager.o
                0x0000000008015fc8                bn::keypad::up_pressed()
 .text._ZN2bn6keypad12down_pressedEv
                0x0000000008015fd8       0x10 bn_keypad_manager.o
                0x0000000008015fd8                bn::keypad::down_pressed()
 .text._ZN2bn6keypad9r_pressedEv
                0x0000000008015fe8       0x10 bn_keypad_manager.o
                0x0000000008015fe8                bn::keypad::r_pressed()
 .text._ZN2bn6keypad9l_pressedEv
                0x0000000008015ff8       0x10 bn_keypad_manager.o
                0x0000000008015ff8                bn::keypad::l_pressed()
 .text._ZN2bn14keypad_manager4stopEv
                0x0000000008016008        0x4 bn_keypad_manager.o
                0x0000000008016008                bn::keypad_manager::stop()
 .text._ZN3_bn6assert9show_argsIJA19_ciA4_ciEEEvPKcS5_S5_iDpRKT_
                0x000000000801600c       0x6c bn_keypad_manager.o
                0x000000000801600c                void _bn::assert::show_args<char [19], int, char [4], int>(char const*, char const*, char const*, int, char const (&) [19], int const&, char const (&) [4], int const&)
 .text._ZN2bn14keypad_manager6updateEv
                0x0000000008016078       0xa8 bn_keypad_manager.o
                0x0000000008016078                bn::keypad_manager::update()
 .text._ZN3_bn6assert9show_argsIJA24_ciEEEvPKcS4_S4_iDpRKT_
                0x0000000008016120       0x58 bn_keypad_manager.o
                0x0000000008016120                void _bn::assert::show_args<char [24], int>(char const*, char const*, char const*, int, char const (&) [24], int const&)
 .text._ZN2bn14keypad_manager4initERKNS_11string_viewE
                0x0000000008016178       0x58 bn_keypad_manager.o
                0x0000000008016178                bn::keypad_manager::init(bn::string_view const&)
 .text._ZN2bn12link_manager4initEv
                0x00000000080161d0       0xd0 bn_link_manager.o
                0x00000000080161d0                bn::link_manager::init()
 .text._ZN2bn12link_manager7disableEv
                0x00000000080162a0       0x90 bn_link_manager.o
                0x00000000080162a0                bn::link_manager::disable()
 .text._ZN2bn12link_manager6commitEv
                0x0000000008016330       0x40 bn_link_manager.o
                0x0000000008016330                bn::link_manager::commit()
 .text.startup._GLOBAL__sub_I__ZN2bn4link4sendEi
                0x0000000008016370       0x48 bn_link_manager.o
 .text._ZN2bn3logERKNS_12istring_baseE
                0x00000000080163b8        0xc bn_log.o
                0x00000000080163b8                bn::log(bn::istring_base const&)
 .text._ZN2bn14memory_manager4initEv
                0x00000000080163c4      0x108 bn_memory_manager.o
                0x00000000080163c4                bn::memory_manager::init()
 .text.startup._GLOBAL__sub_I__Znwj
                0x00000000080164cc       0x54 bn_memory_manager.o
 .text.exit._GLOBAL__sub_D__Znwj
                0x0000000008016520       0xa0 bn_memory_manager.o
 .text._ZN2bn2hw8palettes9grayscaleEiiPNS_5colorE
                0x00000000080165c0       0x40 bn_palettes_manager.o
                0x00000000080165c0                bn::hw::palettes::grayscale(int, int, bn::color*)
 .text._ZN2bn11bg_palettes21set_transparent_colorENS_5colorE
                0x0000000008016600       0x40 bn_palettes_manager.o
                0x0000000008016600                bn::bg_palettes::set_transparent_color(bn::color)
 .text._ZN2bn14bg_palette_ptrC2ERKS0_
                0x0000000008016640       0x28 bn_palettes_manager.o
                0x0000000008016640                bn::bg_palette_ptr::bg_palette_ptr(bn::bg_palette_ptr const&)
                0x0000000008016640                bn::bg_palette_ptr::bg_palette_ptr(bn::bg_palette_ptr const&)
 .text._ZNK2bn14bg_palette_ptr3bppEv
                0x0000000008016668       0x24 bn_palettes_manager.o
                0x0000000008016668                bn::bg_palette_ptr::bpp() const
 .text._ZN2bn18sprite_palette_ptrC2ERKS0_
                0x000000000801668c       0x1c bn_palettes_manager.o
                0x000000000801668c                bn::sprite_palette_ptr::sprite_palette_ptr(bn::sprite_palette_ptr const&)
                0x000000000801668c                bn::sprite_palette_ptr::sprite_palette_ptr(bn::sprite_palette_ptr const&)
 .text._ZNK2bn18sprite_palette_ptr3bppEv
                0x00000000080166a8       0x1c bn_palettes_manager.o
                0x00000000080166a8                bn::sprite_palette_ptr::bpp() const
 .text._ZN2bn13palettes_bank11colors_hashERKNS_4spanIKNS_5colorEEE
                0x00000000080166c4       0x28 bn_palettes_manager.o
                0x00000000080166c4                bn::palettes_bank::colors_hash(bn::span<bn::color const> const&)
 .text._ZNK2bn13palettes_bank10log_statusEv
                0x00000000080166ec      0x148 bn_palettes_manager.o
                0x00000000080166ec                bn::palettes_bank::log_status() const
 .text._ZNK2bn13palettes_bank20retrieve_commit_dataEv
                0x0000000008016834       0x60 bn_palettes_manager.o
                0x0000000008016834                bn::palettes_bank::retrieve_commit_data() const
 .text._ZNK2bn13palettes_bank12_same_colorsERKNS_4spanIKNS_5colorEEEi
                0x0000000008016894       0x50 bn_palettes_manager.o
                0x0000000008016894                bn::palettes_bank::_same_colors(bn::span<bn::color const> const&, int) const
 .text._ZN2bn13palettes_bank10find_bpp_4ERKNS_4spanIKNS_5colorEEEt
                0x00000000080168e4       0xe8 bn_palettes_manager.o
                0x00000000080168e4                bn::palettes_bank::find_bpp_4(bn::span<bn::color const> const&, unsigned short)
 .text._ZNK2bn13palettes_bank21_apply_global_effectsEiPNS_5colorE
                0x00000000080169cc       0xe8 bn_palettes_manager.o
                0x00000000080169cc                bn::palettes_bank::_apply_global_effects(int, bn::color*) const
 .text._ZNK2bn13palettes_bank25fill_hblank_effect_colorsEPKNS_5colorEPt
                0x0000000008016ab4       0x38 bn_palettes_manager.o
                0x0000000008016ab4                bn::palettes_bank::fill_hblank_effect_colors(bn::color const*, unsigned short*) const
 .text._ZNK2bn13palettes_bank25fill_hblank_effect_colorsEiPKNS_5colorEPt
                0x0000000008016aec       0xc0 bn_palettes_manager.o
                0x0000000008016aec                bn::palettes_bank::fill_hblank_effect_colors(int, bn::color const*, unsigned short*) const
 .text._ZNK2bn13palettes_bank7palette13apply_effectsEiPNS_5colorE
                0x0000000008016bac       0x74 bn_palettes_manager.o
                0x0000000008016bac                bn::palettes_bank::palette::apply_effects(int, bn::color*) const
 .text._ZN2bn13palettes_bank15_update_paletteEi
                0x0000000008016c20       0x58 bn_palettes_manager.o
                0x0000000008016c20                bn::palettes_bank::_update_palette(int)
 .text._ZN2bn13palettes_bank6updateEv
                0x0000000008016c78      0x110 bn_palettes_manager.o
                0x0000000008016c78                bn::palettes_bank::update()
 .text._ZN2bn13palettes_bankC2Ev
                0x0000000008016d88       0xa8 bn_palettes_manager.o
                0x0000000008016d88                bn::palettes_bank::palettes_bank()
                0x0000000008016d88                bn::palettes_bank::palettes_bank()
 .text._ZN2bn16palettes_manager20sprite_palettes_bankEv
                0x0000000008016e30        0x8 bn_palettes_manager.o
                0x0000000008016e30                bn::palettes_manager::sprite_palettes_bank()
 .text._ZN2bn16palettes_manager16bg_palettes_bankEv
                0x0000000008016e38        0x8 bn_palettes_manager.o
                0x0000000008016e38                bn::palettes_manager::bg_palettes_bank()
 .text._ZN2bn16palettes_manager6updateEv
                0x0000000008016e40       0x20 bn_palettes_manager.o
                0x0000000008016e40                bn::palettes_manager::update()
 .text._ZN2bn16palettes_manager6commitEv
                0x0000000008016e60       0xe8 bn_palettes_manager.o
                0x0000000008016e60                bn::palettes_manager::commit()
 .text._ZN2bn16palettes_manager4stopEv
                0x0000000008016f48       0x20 bn_palettes_manager.o
                0x0000000008016f48                bn::palettes_manager::stop()
 .text._ZN3_bn6assert9show_argsIJA43_ciS2_A42_cEEEvPKcS5_S5_iDpRKT_
                0x0000000008016f68       0x68 bn_palettes_manager.o
                0x0000000008016f68                void _bn::assert::show_args<char [43], int, char [43], char [42]>(char const*, char const*, char const*, int, char const (&) [43], int const&, char const (&) [43], char const (&) [42])
 .text._ZN2bn13palettes_bank12create_bpp_8ERKNS_4spanIKNS_5colorEEENS_16compression_typeEb
                0x0000000008016fd0      0x1d0 bn_palettes_manager.o
                0x0000000008016fd0                bn::palettes_bank::create_bpp_8(bn::span<bn::color const> const&, bn::compression_type, bool)
 .text._ZNK2bn15bg_palette_item10uncompressENS_4spanINS_5colorEEE
                0x00000000080171a0      0x134 bn_palettes_manager.o
                0x00000000080171a0                bn::bg_palette_item::uncompress(bn::span<bn::color>) const
 .text._ZNK2bn19sprite_palette_item10uncompressENS_4spanINS_5colorEEE
                0x00000000080172d4      0x134 bn_palettes_manager.o
                0x00000000080172d4                bn::sprite_palette_item::uncompress(bn::span<bn::color>) const
 .text._ZN2bn13palettes_bank12create_bpp_4ERKNS_4spanIKNS_5colorEEEtb
                0x0000000008017408      0x28c bn_palettes_manager.o
                0x0000000008017408                bn::palettes_bank::create_bpp_4(bn::span<bn::color const> const&, unsigned short, bool)
 .text._ZN2bn12_GLOBAL__N_112_create_implERKNS_15bg_palette_itemEb
                0x0000000008017694       0x94 bn_palettes_manager.o
 .text._ZN2bn14bg_palette_ptr6createERKNS_15bg_palette_itemE
                0x0000000008017728       0x54 bn_palettes_manager.o
                0x0000000008017728                bn::bg_palette_ptr::create(bn::bg_palette_item const&)
 .text._ZNK2bn15bg_palette_item14create_paletteEv
                0x000000000801777c       0x10 bn_palettes_manager.o
                0x000000000801777c                bn::bg_palette_item::create_palette() const
 .text._ZN2bn14bg_palette_ptr15create_optionalERKNS_15bg_palette_itemE
                0x000000000801778c       0x64 bn_palettes_manager.o
                0x000000000801778c                bn::bg_palette_ptr::create_optional(bn::bg_palette_item const&)
 .text._ZNK2bn15bg_palette_item23create_palette_optionalEv
                0x00000000080177f0       0x10 bn_palettes_manager.o
                0x00000000080177f0                bn::bg_palette_item::create_palette_optional() const
 .text._ZN2bn12_GLOBAL__N_112_create_implERKNS_19sprite_palette_itemEb
                0x0000000008017800       0x7c bn_palettes_manager.o
 .text._ZNK2bn19sprite_palette_item14create_paletteEv
                0x000000000801787c       0x48 bn_palettes_manager.o
                0x000000000801787c                bn::sprite_palette_item::create_palette() const
 .text._ZN2bn14iunordered_mapItsNS_13palettes_bank15identity_hasherENS_8equal_toItEEE5eraseERKNS5_14const_iteratorE.isra.0
                0x00000000080178c4      0x19c bn_palettes_manager.o
 .text._ZN2bn13palettes_bank15decrease_usagesEi.part.0
                0x0000000008017a60       0xd0 bn_palettes_manager.o
 .text._ZN2bn18sprite_palette_ptr8_destroyEv
                0x0000000008017b30       0x28 bn_palettes_manager.o
                0x0000000008017b30                bn::sprite_palette_ptr::_destroy()
 .text._ZN2bn14bg_palette_ptr8_destroyEv
                0x0000000008017b58       0x30 bn_palettes_manager.o
                0x0000000008017b58                bn::bg_palette_ptr::_destroy()
 .text._ZN2bn14bg_palette_ptraSERKS0_